Archive member included to satisfy reference by file (symbol)

app/libapp.a(main.c.obj)      (--whole-archive)
zephyr/libzephyr.a(cbprintf.c.obj)
                              (--whole-archive)
zephyr/libzephyr.a(cbprintf_packaged.c.obj)
                              (--whole-archive)
zephyr/libzephyr.a(crc32c_sw.c.obj)
                              (--whole-archive)
zephyr/libzephyr.a(crc32_sw.c.obj)
                              (--whole-archive)
zephyr/libzephyr.a(crc16_sw.c.obj)
                              (--whole-archive)
zephyr/libzephyr.a(crc8_sw.c.obj)
                              (--whole-archive)
zephyr/libzephyr.a(crc7_sw.c.obj)
                              (--whole-archive)
zephyr/libzephyr.a(dec.c.obj)
                              (--whole-archive)
zephyr/libzephyr.a(fdtable.c.obj)
                              (--whole-archive)
zephyr/libzephyr.a(hex.c.obj)
                              (--whole-archive)
zephyr/libzephyr.a(notify.c.obj)
                              (--whole-archive)
zephyr/libzephyr.a(printk.c.obj)
                              (--whole-archive)
zephyr/libzephyr.a(onoff.c.obj)
                              (--whole-archive)
zephyr/libzephyr.a(rb.c.obj)  (--whole-archive)
zephyr/libzephyr.a(sem.c.obj)
                              (--whole-archive)
zephyr/libzephyr.a(thread_entry.c.obj)
                              (--whole-archive)
zephyr/libzephyr.a(timeutil.c.obj)
                              (--whole-archive)
zephyr/libzephyr.a(heap.c.obj)
                              (--whole-archive)
zephyr/libzephyr.a(heap-validate.c.obj)
                              (--whole-archive)
zephyr/libzephyr.a(bitarray.c.obj)
                              (--whole-archive)
zephyr/libzephyr.a(multi_heap.c.obj)
                              (--whole-archive)
zephyr/libzephyr.a(cbprintf_complete.c.obj)
                              (--whole-archive)
zephyr/libzephyr.a(assert.c.obj)
                              (--whole-archive)
zephyr/libzephyr.a(mpsc_pbuf.c.obj)
                              (--whole-archive)
zephyr/libzephyr.a(reboot.c.obj)
                              (--whole-archive)
zephyr/libzephyr.a(configs.c.obj)
                              (--whole-archive)
zephyr/libzephyr.a(soc_nrf_common.S.obj)
                              (--whole-archive)
zephyr/libzephyr.a(validate_base_addresses.c.obj)
                              (--whole-archive)
zephyr/libzephyr.a(validate_enabled_instances.c.obj)
                              (--whole-archive)
zephyr/libzephyr.a(log_list.c.obj)
                              (--whole-archive)
zephyr/libzephyr.a(log_core.c.obj)
                              (--whole-archive)
zephyr/libzephyr.a(log_mgmt.c.obj)
                              (--whole-archive)
zephyr/libzephyr.a(log_msg.c.obj)
                              (--whole-archive)
zephyr/libzephyr.a(log_output.c.obj)
                              (--whole-archive)
zephyr/libzephyr.a(log_msg2.c.obj)
                              (--whole-archive)
zephyr/libzephyr.a(log_backend_uart.c.obj)
                              (--whole-archive)
zephyr/libzephyr.a(log_backend_rtt.c.obj)
                              (--whole-archive)
zephyr/libzephyr.a(pm.c.obj)  (--whole-archive)
zephyr/libzephyr.a(policy.c.obj)
                              (--whole-archive)
zephyr/libzephyr.a(state.c.obj)
                              (--whole-archive)
zephyr/libzephyr.a(tracing_none.c.obj)
                              (--whole-archive)
zephyr/arch/common/libarch__common.a(sw_isr_common.c.obj)
                              (--whole-archive)
zephyr/arch/arch/arm/core/aarch32/libarch__arm__core__aarch32.a(cpu_idle.S.obj)
                              (--whole-archive)
zephyr/arch/arch/arm/core/aarch32/libarch__arm__core__aarch32.a(fatal.c.obj)
                              (--whole-archive)
zephyr/arch/arch/arm/core/aarch32/libarch__arm__core__aarch32.a(irq_manage.c.obj)
                              (--whole-archive)
zephyr/arch/arch/arm/core/aarch32/libarch__arm__core__aarch32.a(nmi.c.obj)
                              (--whole-archive)
zephyr/arch/arch/arm/core/aarch32/libarch__arm__core__aarch32.a(nmi_on_reset.S.obj)
                              (--whole-archive)
zephyr/arch/arch/arm/core/aarch32/libarch__arm__core__aarch32.a(prep_c.c.obj)
                              (--whole-archive)
zephyr/arch/arch/arm/core/aarch32/libarch__arm__core__aarch32.a(swap.c.obj)
                              (--whole-archive)
zephyr/arch/arch/arm/core/aarch32/libarch__arm__core__aarch32.a(swap_helper.S.obj)
                              (--whole-archive)
zephyr/arch/arch/arm/core/aarch32/libarch__arm__core__aarch32.a(thread.c.obj)
                              (--whole-archive)
zephyr/arch/arch/arm/core/aarch32/libarch__arm__core__aarch32.a(isr_wrapper.S.obj)
                              (--whole-archive)
zephyr/arch/arch/arm/core/aarch32/cortex_m/libarch__arm__core__aarch32__cortex_m.a(exc_exit.S.obj)
[...]
Memory Configuration

Name             Origin             Length             Attributes
FLASH            0x0000000000000000 0x0000000000080000 xr
SRAM             0x0000000020000000 0x0000000000010000 xw
IDT_LIST         0x00000000fffff7ff 0x0000000000000800 xw
*default*        0x0000000000000000 0xffffffffffffffff

Linker script and memory map

LOAD zephyr/CMakeFiles/zephyr_pre1.dir/misc/empty_file.c.obj
LOAD zephyr/CMakeFiles/zephyr_pre1.dir/dev_handles.c.obj
                0x0000000000000020                _region_min_align = 0x20

.rel.plt        0x0000000000000000        0x0
 *(SORT_BY_ALIGNMENT(.rel.plt))
                [!provide]                        PROVIDE (__rel_iplt_start = .)
 *(SORT_BY_ALIGNMENT(.rel.iplt))
 .rel.iplt      0x0000000000000000        0x0 app/libapp.a(main.c.obj)
                [!provide]                        PROVIDE (__rel_iplt_end = .)

.rela.plt       0x0000000000000000        0x0
 *(SORT_BY_ALIGNMENT(.rela.plt))
                [!provide]                        PROVIDE (__rela_iplt_start = .)
 *(SORT_BY_ALIGNMENT(.rela.iplt))
                [!provide]                        PROVIDE (__rela_iplt_end = .)

.rel.dyn
 *(SORT_BY_ALIGNMENT(.rel.*))

.rela.dyn
 *(SORT_BY_ALIGNMENT(.rela.*))

/DISCARD/
 *(SORT_BY_ALIGNMENT(.plt))
 *(SORT_BY_ALIGNMENT(.iplt))
 *(SORT_BY_ALIGNMENT(.got.plt))
 *(SORT_BY_ALIGNMENT(.igot.plt))
 *(SORT_BY_ALIGNMENT(.got))
 *(SORT_BY_ALIGNMENT(.igot))
 *(SORT_BY_ALIGNMENT(.note.GNU-stack))
                0x0000000000000000                __rom_region_start = 0x0

rom_start       0x0000000000000000       0xdc
                0x0000000000000000                . = 0x0
                0x0000000000000000                . = ALIGN (0x4)
                0x0000000000000000                . = ALIGN (0x80)
                0x0000000000000000                . = ALIGN (0x100)
                0x0000000000000000                _vector_start = .
 *(SORT_BY_ALIGNMENT(.exc_vector_table))
 *(SORT_BY_ALIGNMENT(.exc_vector_table.*))
 .exc_vector_table._vector_table_section
                0x0000000000000000       0x40 zephyr/arch/arch/arm/core/aarch32/cortex_m/libarch__arm__core__aarch32__cortex_m.a(vector_table.S.obj)
                0x0000000000000000                _vector_table
 *(SORT_BY_ALIGNMENT(.gnu.linkonce.irq_vector_table*))
 .gnu.linkonce.irq_vector_table
                0x0000000000000040       0x9c zephyr/arch/common/libisr_tables.a(isr_tables.c.obj)
                0x0000000000000040                _irq_vector_table
 *(SORT_BY_ALIGNMENT(.vectors))
                0x00000000000000dc                _vector_end = .

text            0x00000000000000dc     0x7740
                0x00000000000000dc                __text_region_start = .
 *(SORT_BY_ALIGNMENT(.text))
 .text          0x00000000000000dc       0x30 c:/ncs/toolchains/v2.0.0/opt/zephyr-sdk/arm-zephyr-eabi/bin/../lib/gcc/arm-zephyr-eabi/10.3.0/thumb/v7e-m/nofp\libgcc.a(_aeabi_uldivmod.o)
                0x00000000000000dc                __aeabi_uldivmod
 .text          0x000000000000010c        0x4 c:/ncs/toolchains/v2.0.0/opt/zephyr-sdk/arm-zephyr-eabi/bin/../lib/gcc/arm-zephyr-eabi/10.3.0/thumb/v7e-m/nofp\libgcc.a(_dvmd_tls.o)
                0x000000000000010c                __aeabi_idiv0
                0x000000000000010c                __aeabi_ldiv0
 .text          0x0000000000000110      0x2a6 c:/ncs/toolchains/v2.0.0/opt/zephyr-sdk/arm-zephyr-eabi/bin/../lib/gcc/arm-zephyr-eabi/10.3.0/thumb/v7e-m/nofp\libgcc.a(_udivmoddi4.o)
                0x0000000000000110                __udivmoddi4
 *(SORT_BY_ALIGNMENT(.text.*))
 *fill*         0x00000000000003b6        0x2 
 .text.main     0x00000000000003b8       0x64 app/libapp.a(main.c.obj)
                0x00000000000003b8                main
 .text.cbvprintf_package
                0x000000000000041c      0x478 zephyr/libzephyr.a(cbprintf_packaged.c.obj)
                0x000000000000041c                cbvprintf_package
 .text.cbprintf_package_copy
                0x0000000000000894      0x2a0 zephyr/libzephyr.a(cbprintf_packaged.c.obj)
                0x0000000000000894                cbprintf_package_copy
 .text.__printk_hook_install
                0x0000000000000b34        0xc zephyr/libzephyr.a(printk.c.obj)
                0x0000000000000b34                __printk_hook_install
 .text.vsnprintk
                0x0000000000000b40       0x28 zephyr/libzephyr.a(printk.c.obj)
                0x0000000000000b40                vsnprintk
 .text.process_event
                0x0000000000000b68      0x1c0 zephyr/libzephyr.a(onoff.c.obj)
 .text.cbvprintf
                0x0000000000000d28      0x784 zephyr/libzephyr.a(cbprintf_complete.c.obj)
                0x0000000000000d28                cbvprintf
 .text.enable_logger
                0x00000000000014ac       0x5c zephyr/libzephyr.a(log_core.c.obj)
 .text.log_process_thread_timer_expiry_fn
                0x0000000000001508        0xc zephyr/libzephyr.a(log_core.c.obj)
 .text.log_format_func_t_get
                0x0000000000001514        0xc zephyr/libzephyr.a(log_core.c.obj)
                0x0000000000001514                log_format_func_t_get
 .text.log_init
                0x0000000000001520       0x58 zephyr/libzephyr.a(log_core.c.obj)
                0x0000000000001520                log_init
 .text.z_log_notify_backend_enabled
                0x0000000000001578       0x1c zephyr/libzephyr.a(log_core.c.obj)
                0x0000000000001578                z_log_notify_backend_enabled
 .text.z_log_dropped
                0x0000000000001594       0x3c zephyr/libzephyr.a(log_core.c.obj)
                0x0000000000001594                z_log_dropped
 .text.z_log_dropped_read_and_clear
                0x00000000000015d0       0x20 zephyr/libzephyr.a(log_core.c.obj)
                0x00000000000015d0                z_log_dropped_read_and_clear
 .text.dropped_notify
                0x00000000000015f0       0x38 zephyr/libzephyr.a(log_core.c.obj)
                0x00000000000015f0                dropped_notify
 .text.z_log_msg2_init
                0x0000000000001628       0x10 zephyr/libzephyr.a(log_core.c.obj)
                0x0000000000001628                z_log_msg2_init
 .text.log_core_init
                0x0000000000001638       0x34 zephyr/libzephyr.a(log_core.c.obj)
                0x0000000000001638                log_core_init
 .text.z_log_msg2_alloc
                0x000000000000166c       0x10 zephyr/libzephyr.a(log_core.c.obj)
                0x000000000000166c                z_log_msg2_alloc
 .text.z_log_msg2_claim
                0x000000000000167c        0xc zephyr/libzephyr.a(log_core.c.obj)
                0x000000000000167c                z_log_msg2_claim
 .text.z_log_msg2_free
                0x0000000000001688        0xc zephyr/libzephyr.a(log_core.c.obj)
                0x0000000000001688                z_log_msg2_free
 .text.z_log_msg2_pending
                0x0000000000001694        0xc zephyr/libzephyr.a(log_core.c.obj)
                0x0000000000001694                z_log_msg2_pending
 .text.z_impl_log_process
                0x00000000000016a0       0x8c zephyr/libzephyr.a(log_core.c.obj)
                0x00000000000016a0                z_impl_log_process
 .text.log_process_thread_func
                0x000000000000172c       0x48 zephyr/libzephyr.a(log_core.c.obj)
 .text.z_log_msg_post_finalize
                0x0000000000001774       0x8c zephyr/libzephyr.a(log_core.c.obj)
 .text.z_log_msg2_commit
                0x0000000000001800       0x24 zephyr/libzephyr.a(log_core.c.obj)
                0x0000000000001800                z_log_msg2_commit
 .text.z_impl_log_panic
                0x0000000000001824       0x48 zephyr/libzephyr.a(log_core.c.obj)
                0x0000000000001824                z_impl_log_panic
 .text.log_source_name_get
                0x000000000000186c       0x1c zephyr/libzephyr.a(log_mgmt.c.obj)
                0x000000000000186c                log_source_name_get
 .text.log_backend_enable
                0x0000000000001888       0x1c zephyr/libzephyr.a(log_mgmt.c.obj)
                0x0000000000001888                log_backend_enable
 .text.print_formatted
                0x00000000000018a4       0x24 zephyr/libzephyr.a(log_output.c.obj)
 .text.hexdump_line_print
                0x00000000000018c8       0xdc zephyr/libzephyr.a(log_output.c.obj)
 .text.prefix_print
                0x00000000000019a4      0x148 zephyr/libzephyr.a(log_output.c.obj)
 .text.postfix_print
                0x0000000000001aec       0x3c zephyr/libzephyr.a(log_output.c.obj)
 .text.log_output_msg2_process
                0x0000000000001b28       0xc8 zephyr/libzephyr.a(log_output.c.obj)
                0x0000000000001b28                log_output_msg2_process
 .text.log_output_dropped_process
                0x0000000000001bf0       0x58 zephyr/libzephyr.a(log_output.c.obj)
                0x0000000000001bf0                log_output_dropped_process
 .text.log_output_timestamp_freq_set
                0x0000000000001c48       0x30 zephyr/libzephyr.a(log_output.c.obj)
                0x0000000000001c48                log_output_timestamp_freq_set
 .text.z_impl_z_log_msg2_runtime_vcreate
                0x0000000000001c78       0x9c zephyr/libzephyr.a(log_msg2.c.obj)
                0x0000000000001c78                z_impl_z_log_msg2_runtime_vcreate
 .text.char_out
                0x0000000000001d14       0x24 zephyr/libzephyr.a(log_backend_uart.c.obj)
 .text.format_set
                0x0000000000001d38        0xc zephyr/libzephyr.a(log_backend_uart.c.obj)
 .text.log_backend_uart_init
                0x0000000000001d44       0x10 zephyr/libzephyr.a(log_backend_uart.c.obj)
 .text.panic    0x0000000000001d54       0x14 zephyr/libzephyr.a(log_backend_uart.c.obj)
 .text.dropped  0x0000000000001d68        0xc zephyr/libzephyr.a(log_backend_uart.c.obj)
 .text.process  0x0000000000001d74       0x24 zephyr/libzephyr.a(log_backend_uart.c.obj)
 .text.log_backend_rtt_init
                0x0000000000001d98        0xc zephyr/libzephyr.a(log_backend_rtt.c.obj)
 .text.format_set
                0x0000000000001da4        0xc zephyr/libzephyr.a(log_backend_rtt.c.obj)
 .text.panic    0x0000000000001db0       0x14 zephyr/libzephyr.a(log_backend_rtt.c.obj)
 .text.dropped  0x0000000000001dc4        0xc zephyr/libzephyr.a(log_backend_rtt.c.obj)
 .text.process  0x0000000000001dd0       0x24 zephyr/libzephyr.a(log_backend_rtt.c.obj)
 .text.on_failed_write.part.0
                0x0000000000001df4       0x1c zephyr/libzephyr.a(log_backend_rtt.c.obj)
 .text.data_out_block_mode
                0x0000000000001e10       0xa0 zephyr/libzephyr.a(log_backend_rtt.c.obj)
 .text.pm_state_notify
                0x0000000000001eb0       0x5c zephyr/libzephyr.a(pm.c.obj)
 .text.atomic_clear_bit.constprop.0
                0x0000000000001f0c       0x30 zephyr/libzephyr.a(pm.c.obj)
 .text.pm_system_resume
                0x0000000000001f3c       0x7c zephyr/libzephyr.a(pm.c.obj)
                0x0000000000001f3c                pm_system_resume
 .text.pm_system_suspend
                0x0000000000001fb8       0xec zephyr/libzephyr.a(pm.c.obj)
                0x0000000000001fb8                pm_system_suspend
 .text.pm_policy_state_lock_is_active
                0x00000000000020a4       0x1c zephyr/libzephyr.a(policy.c.obj)
                0x00000000000020a4                pm_policy_state_lock_is_active
 .text.pm_policy_next_state
                0x00000000000020c0       0x9c zephyr/libzephyr.a(policy.c.obj)
                0x00000000000020c0                pm_policy_next_state
 .text.pm_state_cpu_get_all
                0x000000000000215c       0x10 zephyr/libzephyr.a(state.c.obj)
                0x000000000000215c                pm_state_cpu_get_all
 .text.z_arm_cpu_idle_init
                0x000000000000216c        0xc zephyr/arch/arch/arm/core/aarch32/libarch__arm__core__aarch32.a(cpu_idle.S.obj)
                0x000000000000216c                z_arm_cpu_idle_init
 .text.arch_cpu_idle
                0x0000000000002178       0x1c zephyr/arch/arch/arm/core/aarch32/libarch__arm__core__aarch32.a(cpu_idle.S.obj)
                0x0000000000002178                arch_cpu_idle
 .text.arch_cpu_atomic_idle
                0x0000000000002194       0x14 zephyr/arch/arch/arm/core/aarch32/libarch__arm__core__aarch32.a(cpu_idle.S.obj)
                0x0000000000002194                arch_cpu_atomic_idle
 .text.z_arm_fatal_error
                0x00000000000021a8       0xcc zephyr/arch/arch/arm/core/aarch32/libarch__arm__core__aarch32.a(fatal.c.obj)
                0x00000000000021a8                z_arm_fatal_error
 .text.arch_irq_enable
                0x0000000000002274       0x20 zephyr/arch/arch/arm/core/aarch32/libarch__arm__core__aarch32.a(irq_manage.c.obj)
                0x0000000000002274                arch_irq_enable
 .text.arch_irq_disable
                0x0000000000002294       0x28 zephyr/arch/arch/arm/core/aarch32/libarch__arm__core__aarch32.a(irq_manage.c.obj)
                0x0000000000002294                arch_irq_disable
 .text.arch_irq_is_enabled
                0x00000000000022bc       0x1c zephyr/arch/arch/arm/core/aarch32/libarch__arm__core__aarch32.a(irq_manage.c.obj)
                0x00000000000022bc                arch_irq_is_enabled
 .text.z_arm_irq_priority_set
                0x00000000000022d8       0x30 zephyr/arch/arch/arm/core/aarch32/libarch__arm__core__aarch32.a(irq_manage.c.obj)
                0x00000000000022d8                z_arm_irq_priority_set
 .text.z_SysNmiOnReset
                0x0000000000002308        0x8 zephyr/arch/arch/arm/core/aarch32/libarch__arm__core__aarch32.a(nmi_on_reset.S.obj)
                0x0000000000002308                z_SysNmiOnReset
 .text.z_arm_prep_c
                0x0000000000002310       0x38 zephyr/arch/arch/arm/core/aarch32/libarch__arm__core__aarch32.a(prep_c.c.obj)
                0x0000000000002310                z_arm_prep_c
 .text.arch_swap
                0x0000000000002348       0x34 zephyr/arch/arch/arm/core/aarch32/libarch__arm__core__aarch32.a(swap.c.obj)
                0x0000000000002348                arch_swap
 .text.z_arm_pendsv
                0x000000000000237c       0x54 zephyr/arch/arch/arm/core/aarch32/libarch__arm__core__aarch32.a(swap_helper.S.obj)
                0x000000000000237c                z_arm_pendsv
 .text.z_arm_svc
                0x00000000000023d0       0x20 zephyr/arch/arch/arm/core/aarch32/libarch__arm__core__aarch32.a(swap_helper.S.obj)
                0x00000000000023d0                z_arm_svc
 .text.arch_new_thread
                0x00000000000023f0       0x38 zephyr/arch/arch/arm/core/aarch32/libarch__arm__core__aarch32.a(thread.c.obj)
                0x00000000000023f0                arch_new_thread
 .text.z_check_thread_stack_fail
                0x0000000000002428       0x2c zephyr/arch/arch/arm/core/aarch32/libarch__arm__core__aarch32.a(thread.c.obj)
                0x0000000000002428                z_check_thread_stack_fail
 .text.arch_switch_to_main_thread
                0x0000000000002454       0x2c zephyr/arch/arch/arm/core/aarch32/libarch__arm__core__aarch32.a(thread.c.obj)
                0x0000000000002454                arch_switch_to_main_thread
 .text._isr_wrapper
                0x0000000000002480       0x40 zephyr/arch/arch/arm/core/aarch32/libarch__arm__core__aarch32.a(isr_wrapper.S.obj)
                0x0000000000002480                _isr_wrapper
 .text._HandlerModeExit
                0x00000000000024c0       0x1c zephyr/arch/arch/arm/core/aarch32/cortex_m/libarch__arm__core__aarch32__cortex_m.a(exc_exit.S.obj)
                0x00000000000024c0                z_arm_int_exit
                0x00000000000024c0                z_arm_exc_exit
 .text.bus_fault.constprop.0
                0x00000000000024dc      0x130 zephyr/arch/arch/arm/core/aarch32/cortex_m/libarch__arm__core__aarch32__cortex_m.a(fault.c.obj)
 .text.usage_fault.constprop.0
                0x000000000000260c       0xf8 zephyr/arch/arch/arm/core/aarch32/cortex_m/libarch__arm__core__aarch32__cortex_m.a(fault.c.obj)
 .text.mem_manage_fault
                0x0000000000002704      0x170 zephyr/arch/arch/arm/core/aarch32/cortex_m/libarch__arm__core__aarch32__cortex_m.a(fault.c.obj)
 .text.z_arm_fault
                0x0000000000002874      0x214 zephyr/arch/arch/arm/core/aarch32/cortex_m/libarch__arm__core__aarch32__cortex_m.a(fault.c.obj)
                0x0000000000002874                z_arm_fault
 .text.z_arm_fault_init
                0x0000000000002a88       0x10 zephyr/arch/arch/arm/core/aarch32/cortex_m/libarch__arm__core__aarch32__cortex_m.a(fault.c.obj)
                0x0000000000002a88                z_arm_fault_init
 .text.__fault  0x0000000000002a98       0x14 zephyr/arch/arch/arm/core/aarch32/cortex_m/libarch__arm__core__aarch32__cortex_m.a(fault_s.S.obj)
                0x0000000000002a98                z_arm_usage_fault
                0x0000000000002a98                z_arm_mpu_fault
                0x0000000000002a98                z_arm_exc_spurious
                0x0000000000002a98                z_arm_debug_monitor
                0x0000000000002a98                z_arm_hard_fault
                0x0000000000002a98                z_arm_bus_fault
 .text.z_arm_interrupt_init
                0x0000000000002aac       0x18 zephyr/arch/arch/arm/core/aarch32/cortex_m/libarch__arm__core__aarch32__cortex_m.a(irq_init.c.obj)
                0x0000000000002aac                z_arm_interrupt_init
 .text._reset_section
                0x0000000000002ac4       0x54 zephyr/arch/arch/arm/core/aarch32/cortex_m/libarch__arm__core__aarch32__cortex_m.a(reset.S.obj)
                0x0000000000002ac4                __start
                0x0000000000002ac4                z_arm_reset
 .text.z_arm_clear_arm_mpu_config
                0x0000000000002b18       0x24 zephyr/arch/arch/arm/core/aarch32/cortex_m/libarch__arm__core__aarch32__cortex_m.a(scb.c.obj)
                0x0000000000002b18                z_arm_clear_arm_mpu_config
 .text.z_arm_init_arch_hw_at_boot
                0x0000000000002b3c       0x64 zephyr/arch/arch/arm/core/aarch32/cortex_m/libarch__arm__core__aarch32__cortex_m.a(scb.c.obj)
                0x0000000000002b3c                z_arm_init_arch_hw_at_boot
 .text.z_impl_k_thread_abort
                0x0000000000002ba0       0x2c zephyr/arch/arch/arm/core/aarch32/cortex_m/libarch__arm__core__aarch32__cortex_m.a(thread_abort.c.obj)
                0x0000000000002ba0                z_impl_k_thread_abort
 .text.z_arm_configure_static_mpu_regions
                0x0000000000002bcc       0x18 zephyr/arch/arch/arm/core/aarch32/mpu/libarch__arm__core__aarch32__mpu.a(arm_core_mpu.c.obj)
                0x0000000000002bcc                z_arm_configure_static_mpu_regions
 .text.z_arm_configure_dynamic_mpu_regions
                0x0000000000002be4       0x20 zephyr/arch/arch/arm/core/aarch32/mpu/libarch__arm__core__aarch32__mpu.a(arm_core_mpu.c.obj)
                0x0000000000002be4                z_arm_configure_dynamic_mpu_regions
 .text.mpu_configure_regions
                0x0000000000002c04       0xc8 zephyr/arch/arch/arm/core/aarch32/mpu/libarch__arm__core__aarch32__mpu.a(arm_mpu.c.obj)
 .text.arm_core_mpu_enable
                0x0000000000002ccc       0x18 zephyr/arch/arch/arm/core/aarch32/mpu/libarch__arm__core__aarch32__mpu.a(arm_mpu.c.obj)
                0x0000000000002ccc                arm_core_mpu_enable
 .text.arm_core_mpu_disable
                0x0000000000002ce4       0x14 zephyr/arch/arch/arm/core/aarch32/mpu/libarch__arm__core__aarch32__mpu.a(arm_mpu.c.obj)
                0x0000000000002ce4                arm_core_mpu_disable
 .text.arm_core_mpu_configure_static_mpu_regions
                0x0000000000002cf8       0x14 zephyr/arch/arch/arm/core/aarch32/mpu/libarch__arm__core__aarch32__mpu.a(arm_mpu.c.obj)
                0x0000000000002cf8                arm_core_mpu_configure_static_mpu_regions
 .text.arm_core_mpu_configure_dynamic_mpu_regions
                0x0000000000002d0c       0x30 zephyr/arch/arch/arm/core/aarch32/mpu/libarch__arm__core__aarch32__mpu.a(arm_mpu.c.obj)
                0x0000000000002d0c                arm_core_mpu_configure_dynamic_mpu_regions
 .text.z_arm_mpu_init
                0x0000000000002d3c       0x60 zephyr/arch/arch/arm/core/aarch32/mpu/libarch__arm__core__aarch32__mpu.a(arm_mpu.c.obj)
                0x0000000000002d3c                z_arm_mpu_init
 .text.__stdout_hook_install
                0x0000000000002d9c        0xc zephyr/lib/libc/minimal/liblib__libc__minimal.a(stdout_console.c.obj)
                0x0000000000002d9c                __stdout_hook_install
 .text.nordicsemi_nrf52_init
                0x0000000000002da8       0x30 zephyr/soc/arm/nordic_nrf/nrf52/libsoc__arm__nordic_nrf__nrf52.a(soc.c.obj)
 .text.sys_arch_reboot
                0x0000000000002dd8       0x2c zephyr/soc/arm/nordic_nrf/nrf52/libsoc__arm__nordic_nrf__nrf52.a(soc.c.obj)
                0x0000000000002dd8                sys_arch_reboot
 .text.arch_busy_wait
                0x0000000000002e04       0x14 zephyr/soc/arm/nordic_nrf/nrf52/libsoc__arm__nordic_nrf__nrf52.a(soc.c.obj)
                0x0000000000002e04                arch_busy_wait
 .text.onoff_stop
                0x0000000000002e18       0x30 zephyr/drivers/clock_control/libdrivers__clock_control.a(clock_control_nrf.c.obj)
 .text.onoff_start
                0x0000000000002e48       0x44 zephyr/drivers/clock_control/libdrivers__clock_control.a(clock_control_nrf.c.obj)
 .text.clk_init
                0x0000000000002e8c       0x58 zephyr/drivers/clock_control/libdrivers__clock_control.a(clock_control_nrf.c.obj)
 .text.clkstarted_handle.constprop.0
                0x0000000000002ee4       0x34 zephyr/drivers/clock_control/libdrivers__clock_control.a(clock_control_nrf.c.obj)
 .text.clock_event_handler
                0x0000000000002f18       0x1c zephyr/drivers/clock_control/libdrivers__clock_control.a(clock_control_nrf.c.obj)
 .text.generic_hfclk_start
                0x0000000000002f34       0x64 zephyr/drivers/clock_control/libdrivers__clock_control.a(clock_control_nrf.c.obj)
 .text.api_blocking_start
                0x0000000000002f98       0x34 zephyr/drivers/clock_control/libdrivers__clock_control.a(clock_control_nrf.c.obj)
 .text.lfclk_start
                0x0000000000002fcc       0x24 zephyr/drivers/clock_control/libdrivers__clock_control.a(clock_control_nrf.c.obj)
 .text.generic_hfclk_stop
                0x0000000000002ff0       0x2c zephyr/drivers/clock_control/libdrivers__clock_control.a(clock_control_nrf.c.obj)
 .text.z_nrf_clock_control_lf_on
                0x000000000000301c      0x100 zephyr/drivers/clock_control/libdrivers__clock_control.a(clock_control_nrf.c.obj)
                0x000000000000301c                z_nrf_clock_control_lf_on
 .text.uart_console_init
                0x000000000000311c       0x30 zephyr/drivers/console/libdrivers__console.a(uart_console.c.obj)
 .text.console_out
                0x000000000000314c       0x28 zephyr/drivers/console/libdrivers__console.a(uart_console.c.obj)
 .text.gpio_nrfx_pin_interrupt_configure
                0x0000000000003174       0xc8 zephyr/drivers/gpio/libdrivers__gpio.a(gpio_nrfx.c.obj)
 .text.gpio_nrfx_init
                0x000000000000323c       0x38 zephyr/drivers/gpio/libdrivers__gpio.a(gpio_nrfx.c.obj)
 .text.nrfx_gpio_handler
                0x0000000000003274       0x34 zephyr/drivers/gpio/libdrivers__gpio.a(gpio_nrfx.c.obj)
 .text.gpio_nrfx_pin_configure
                0x00000000000032a8      0x158 zephyr/drivers/gpio/libdrivers__gpio.a(gpio_nrfx.c.obj)
 .text.as5048a_channel_get.part.0
                0x0000000000003400       0x38 zephyr/drivers/sensor/as5048a/libdrivers__sensor__as5048a.a(as5048a.c.obj)
 .text.as5048a_init
                0x0000000000003438       0xa4 zephyr/drivers/sensor/as5048a/libdrivers__sensor__as5048a.a(as5048a.c.obj)
 .text.as5048_transfer
                0x00000000000034dc       0xa8 zephyr/drivers/sensor/as5048a/libdrivers__sensor__as5048a.a(as5048a_spi.c.obj)
 .text.as5048_reg_write_spi
                0x0000000000003584       0xc8 zephyr/drivers/sensor/as5048a/libdrivers__sensor__as5048a.a(as5048a_spi.c.obj)
 .text.as5048_reg_read_spi
                0x000000000000364c       0x9c zephyr/drivers/sensor/as5048a/libdrivers__sensor__as5048a.a(as5048a_spi.c.obj)
 .text.spi_context_cs_configure_all
                0x00000000000036e8       0xac zephyr/drivers/spi/libdrivers__spi.a(spi_nrfx_spi.c.obj)
 .text.transfer_next_chunk
                0x0000000000003794       0x7c zephyr/drivers/spi/libdrivers__spi.a(spi_nrfx_spi.c.obj)
 .text.event_handler
                0x0000000000003810       0xc4 zephyr/drivers/spi/libdrivers__spi.a(spi_nrfx_spi.c.obj)
 .text.spi_nrfx_transceive
                0x00000000000038d4      0x2f8 zephyr/drivers/spi/libdrivers__spi.a(spi_nrfx_spi.c.obj)
 .text.uarte_nrfx_configure
                0x0000000000003bcc      0x158 zephyr/drivers/serial/libdrivers__serial.a(uart_nrfx_uarte.c.obj)
 .text.uarte_0_init
                0x0000000000003d24      0x11c zephyr/drivers/serial/libdrivers__serial.a(uart_nrfx_uarte.c.obj)
 .text.uarte_nrfx_poll_out
                0x0000000000003e40       0xc4 zephyr/drivers/serial/libdrivers__serial.a(uart_nrfx_uarte.c.obj)
 .text.compare_int_lock
                0x0000000000003f04       0x50 zephyr/drivers/timer/libdrivers__timer.a(nrf_rtc_timer.c.obj)
 .text.sys_clock_timeout_handler
                0x0000000000003f54       0x78 zephyr/drivers/timer/libdrivers__timer.a(nrf_rtc_timer.c.obj)
 .text.compare_int_unlock
                0x0000000000003fcc       0x5c zephyr/drivers/timer/libdrivers__timer.a(nrf_rtc_timer.c.obj)
 .text.z_nrf_rtc_timer_read
                0x0000000000004028       0x44 zephyr/drivers/timer/libdrivers__timer.a(nrf_rtc_timer.c.obj)
                0x0000000000004028                z_nrf_rtc_timer_read
 .text.compare_set
                0x000000000000406c      0x148 zephyr/drivers/timer/libdrivers__timer.a(nrf_rtc_timer.c.obj)
 .text.sys_clock_driver_init
                0x00000000000041b4       0x80 zephyr/drivers/timer/libdrivers__timer.a(nrf_rtc_timer.c.obj)
 .text.rtc_nrf_isr
                0x0000000000004234       0xec zephyr/drivers/timer/libdrivers__timer.a(nrf_rtc_timer.c.obj)
                0x0000000000004234                rtc_nrf_isr
 .text.sys_clock_set_timeout
                0x0000000000004320       0x64 zephyr/drivers/timer/libdrivers__timer.a(nrf_rtc_timer.c.obj)
                0x0000000000004320                sys_clock_set_timeout
 .text.sys_clock_elapsed
                0x0000000000004384       0x14 zephyr/drivers/timer/libdrivers__timer.a(nrf_rtc_timer.c.obj)
                0x0000000000004384                sys_clock_elapsed
 .text.k_sys_fatal_error_handler
                0x0000000000004398       0x2c modules/nrf/lib/fatal_error/lib..__nrf__lib__fatal_error.a(fatal_error.c.obj)
                0x0000000000004398                k_sys_fatal_error_handler
 .text.nrf52_errata_16
                0x00000000000043c4       0x28 modules/hal_nordic/nrfx/libmodules__hal_nordic__nrfx.a(system_nrf52.c.obj)
 .text.nvmc_wait
                0x00000000000043ec       0x10 modules/hal_nordic/nrfx/libmodules__hal_nordic__nrfx.a(system_nrf52.c.obj)
                0x00000000000043ec                nvmc_wait
 .text.SystemInit
                0x00000000000043fc      0x288 modules/hal_nordic/nrfx/libmodules__hal_nordic__nrfx.a(system_nrf52.c.obj)
                0x00000000000043fc                SystemInit
 .text.nrfx_flag32_alloc
                0x0000000000004684       0x4c modules/hal_nordic/nrfx/libmodules__hal_nordic__nrfx.a(nrfx_flag32_allocator.c.obj)
                0x0000000000004684                nrfx_flag32_alloc
 .text.nrfx_flag32_free
                0x00000000000046d0       0x44 modules/hal_nordic/nrfx/libmodules__hal_nordic__nrfx.a(nrfx_flag32_allocator.c.obj)
                0x00000000000046d0                nrfx_flag32_free
 .text.clock_stop
                0x0000000000004714       0xa8 modules/hal_nordic/nrfx/libmodules__hal_nordic__nrfx.a(nrfx_clock.c.obj)
 .text.nrfx_clock_init
                0x00000000000047bc       0x20 modules/hal_nordic/nrfx/libmodules__hal_nordic__nrfx.a(nrfx_clock.c.obj)
                0x00000000000047bc                nrfx_clock_init
 .text.nrfx_clock_start
                0x00000000000047dc       0xb0 modules/hal_nordic/nrfx/libmodules__hal_nordic__nrfx.a(nrfx_clock.c.obj)
                0x00000000000047dc                nrfx_clock_start
 .text.nrfx_power_clock_irq_handler
                0x000000000000488c       0x68 modules/hal_nordic/nrfx/libmodules__hal_nordic__nrfx.a(nrfx_clock.c.obj)
                0x000000000000488c                nrfx_power_clock_irq_handler
 .text.pin_in_use_by_te
                0x00000000000048f4       0x14 modules/hal_nordic/nrfx/libmodules__hal_nordic__nrfx.a(nrfx_gpiote.c.obj)
 .text.call_handler
                0x0000000000004908       0x3c modules/hal_nordic/nrfx/libmodules__hal_nordic__nrfx.a(nrfx_gpiote.c.obj)
 .text.release_handler
                0x0000000000004944       0x54 modules/hal_nordic/nrfx/libmodules__hal_nordic__nrfx.a(nrfx_gpiote.c.obj)
 .text.pin_handler_trigger_uninit
                0x0000000000004998       0x38 modules/hal_nordic/nrfx/libmodules__hal_nordic__nrfx.a(nrfx_gpiote.c.obj)
 .text.nrfx_gpiote_input_configure
                0x00000000000049d0      0x154 modules/hal_nordic/nrfx/libmodules__hal_nordic__nrfx.a(nrfx_gpiote.c.obj)
                0x00000000000049d0                nrfx_gpiote_input_configure
 .text.nrfx_gpiote_output_configure
                0x0000000000004b24       0xf0 modules/hal_nordic/nrfx/libmodules__hal_nordic__nrfx.a(nrfx_gpiote.c.obj)
                0x0000000000004b24                nrfx_gpiote_output_configure
 .text.nrfx_gpiote_global_callback_set
                0x0000000000004c14        0xc modules/hal_nordic/nrfx/libmodules__hal_nordic__nrfx.a(nrfx_gpiote.c.obj)
                0x0000000000004c14                nrfx_gpiote_global_callback_set
 .text.nrfx_gpiote_channel_get
                0x0000000000004c20       0x2c modules/hal_nordic/nrfx/libmodules__hal_nordic__nrfx.a(nrfx_gpiote.c.obj)
                0x0000000000004c20                nrfx_gpiote_channel_get
 .text.nrfx_gpiote_init
                0x0000000000004c4c       0x50 modules/hal_nordic/nrfx/libmodules__hal_nordic__nrfx.a(nrfx_gpiote.c.obj)
                0x0000000000004c4c                nrfx_gpiote_init
 .text.nrfx_gpiote_is_init
                0x0000000000004c9c       0x14 modules/hal_nordic/nrfx/libmodules__hal_nordic__nrfx.a(nrfx_gpiote.c.obj)
                0x0000000000004c9c                nrfx_gpiote_is_init
 .text.nrfx_gpiote_channel_free
                0x0000000000004cb0        0xc modules/hal_nordic/nrfx/libmodules__hal_nordic__nrfx.a(nrfx_gpiote.c.obj)
                0x0000000000004cb0                nrfx_gpiote_channel_free
 .text.nrfx_gpiote_channel_alloc
                0x0000000000004cbc        0xc modules/hal_nordic/nrfx/libmodules__hal_nordic__nrfx.a(nrfx_gpiote.c.obj)
                0x0000000000004cbc                nrfx_gpiote_channel_alloc
 .text.nrfx_gpiote_trigger_enable
                0x0000000000004cc8       0x88 modules/hal_nordic/nrfx/libmodules__hal_nordic__nrfx.a(nrfx_gpiote.c.obj)
                0x0000000000004cc8                nrfx_gpiote_trigger_enable
 .text.nrfx_gpiote_trigger_disable
                0x0000000000004d50       0x50 modules/hal_nordic/nrfx/libmodules__hal_nordic__nrfx.a(nrfx_gpiote.c.obj)
                0x0000000000004d50                nrfx_gpiote_trigger_disable
 .text.nrfx_gpiote_pin_uninit
                0x0000000000004da0       0x44 modules/hal_nordic/nrfx/libmodules__hal_nordic__nrfx.a(nrfx_gpiote.c.obj)
                0x0000000000004da0                nrfx_gpiote_pin_uninit
 .text.nrfx_gpiote_irq_handler
                0x0000000000004de4      0x150 modules/hal_nordic/nrfx/libmodules__hal_nordic__nrfx.a(nrfx_gpiote.c.obj)
                0x0000000000004de4                nrfx_gpiote_irq_handler
 .text.nrfx_ppi_channel_alloc
                0x0000000000004f34        0xc modules/hal_nordic/nrfx/libmodules__hal_nordic__nrfx.a(nrfx_ppi.c.obj)
                0x0000000000004f34                nrfx_ppi_channel_alloc
 .text.nrfx_spi_init
                0x0000000000004f40      0x148 modules/hal_nordic/nrfx/libmodules__hal_nordic__nrfx.a(nrfx_spi.c.obj)
                0x0000000000004f40                nrfx_spi_init
 .text.nrfx_spi_uninit
                0x0000000000005088       0xa4 modules/hal_nordic/nrfx/libmodules__hal_nordic__nrfx.a(nrfx_spi.c.obj)
                0x0000000000005088                nrfx_spi_uninit
 .text.nrfx_spi_xfer
                0x000000000000512c      0x11c modules/hal_nordic/nrfx/libmodules__hal_nordic__nrfx.a(nrfx_spi.c.obj)
                0x000000000000512c                nrfx_spi_xfer
 .text.nrfx_spi_0_irq_handler
                0x0000000000005248       0x10 modules/hal_nordic/nrfx/libmodules__hal_nordic__nrfx.a(nrfx_spi.c.obj)
                0x0000000000005248                nrfx_spi_0_irq_handler
 .text.nrfx_spi_1_irq_handler
                0x0000000000005258       0x10 modules/hal_nordic/nrfx/libmodules__hal_nordic__nrfx.a(nrfx_spi.c.obj)
                0x0000000000005258                nrfx_spi_1_irq_handler
 .text.nrfx_spi_2_irq_handler
                0x0000000000005268       0x10 modules/hal_nordic/nrfx/libmodules__hal_nordic__nrfx.a(nrfx_spi.c.obj)
                0x0000000000005268                nrfx_spi_2_irq_handler
 .text._DoInit  0x0000000000005278       0x60 modules/segger/libmodules__segger.a(SEGGER_RTT.c.obj)
 .text.SEGGER_RTT_WriteSkipNoLock
                0x00000000000052d8       0x98 modules/segger/libmodules__segger.a(SEGGER_RTT.c.obj)
                0x00000000000052d8                SEGGER_RTT_WriteSkipNoLock
 .text.SEGGER_RTT_HasDataUp
                0x0000000000005370       0x14 modules/segger/libmodules__segger.a(SEGGER_RTT.c.obj)
                0x0000000000005370                SEGGER_RTT_HasDataUp
 .text.z_sys_init_run_level
                0x0000000000005384       0x40 zephyr/kernel/libkernel.a(device.c.obj)
                0x0000000000005384                z_sys_init_run_level
 .text.z_fatal_error
                0x00000000000053c4       0xfc zephyr/kernel/libkernel.a(fatal.c.obj)
                0x00000000000053c4                z_fatal_error
 .text.bg_thread_main
                0x00000000000054c0       0x34 zephyr/kernel/libkernel.a(init.c.obj)
 .text.z_bss_zero
                0x00000000000054f4       0x18 zephyr/kernel/libkernel.a(init.c.obj)
                0x00000000000054f4                z_bss_zero
 .text.z_init_cpu
                0x000000000000550c       0x70 zephyr/kernel/libkernel.a(init.c.obj)
                0x000000000000550c                z_init_cpu
 .text.z_cstart
                0x000000000000557c       0xd8 zephyr/kernel/libkernel.a(init.c.obj)
                0x000000000000557c                z_cstart
 .text.init_mem_slab_module
                0x0000000000005654       0x44 zephyr/kernel/libkernel.a(mem_slab.c.obj)
 .text.z_setup_new_thread
                0x0000000000005698       0x64 zephyr/kernel/libkernel.a(thread.c.obj)
                0x0000000000005698                z_setup_new_thread
 .text.z_impl_k_thread_create
                0x00000000000056fc       0x58 zephyr/kernel/libkernel.a(thread.c.obj)
                0x00000000000056fc                z_impl_k_thread_create
 .text.z_init_static_threads
                0x0000000000005754       0xb8 zephyr/kernel/libkernel.a(thread.c.obj)
                0x0000000000005754                z_init_static_threads
 .text.idle     0x000000000000580c       0x38 zephyr/kernel/libkernel.a(idle.c.obj)
                0x000000000000580c                idle
 .text.z_impl_k_mutex_lock
                0x0000000000005844       0xf0 zephyr/kernel/libkernel.a(mutex.c.obj)
                0x0000000000005844                z_impl_k_mutex_lock
 .text.z_impl_k_mutex_unlock
                0x0000000000005934       0x84 zephyr/kernel/libkernel.a(mutex.c.obj)
                0x0000000000005934                z_impl_k_mutex_unlock
 .text.z_impl_k_sem_give
                0x00000000000059b8       0x40 zephyr/kernel/libkernel.a(sem.c.obj)
                0x00000000000059b8                z_impl_k_sem_give
 .text.z_impl_k_sem_take
                0x00000000000059f8       0x50 zephyr/kernel/libkernel.a(sem.c.obj)
                0x00000000000059f8                z_impl_k_sem_take
 .text.z_reset_time_slice
                0x0000000000005a48       0x28 zephyr/kernel/libkernel.a(sched.c.obj)
                0x0000000000005a48                z_reset_time_slice
 .text.k_sched_time_slice_set
                0x0000000000005a70       0x64 zephyr/kernel/libkernel.a(sched.c.obj)
                0x0000000000005a70                k_sched_time_slice_set
 .text.z_reschedule
                0x0000000000005ad4       0x24 zephyr/kernel/libkernel.a(sched.c.obj)
                0x0000000000005ad4                z_reschedule
 .text.k_sched_lock
                0x0000000000005af8       0x28 zephyr/kernel/libkernel.a(sched.c.obj)
                0x0000000000005af8                k_sched_lock
 .text.update_cache
                0x0000000000005b20       0x40 zephyr/kernel/libkernel.a(sched.c.obj)
 .text.move_thread_to_end_of_prio_q
                0x0000000000005b60       0x74 zephyr/kernel/libkernel.a(sched.c.obj)
 .text.z_time_slice
                0x0000000000005bd4       0x84 zephyr/kernel/libkernel.a(sched.c.obj)
                0x0000000000005bd4                z_time_slice
 .text.ready_thread
                0x0000000000005c58       0x6c zephyr/kernel/libkernel.a(sched.c.obj)
 .text.z_sched_start
                0x0000000000005cc4       0x3c zephyr/kernel/libkernel.a(sched.c.obj)
                0x0000000000005cc4                z_sched_start
 .text.unready_thread
                0x0000000000005d00       0x30 zephyr/kernel/libkernel.a(sched.c.obj)
 .text.pend     0x0000000000005d30       0x4c zephyr/kernel/libkernel.a(sched.c.obj)
 .text.z_pend_curr
                0x0000000000005d7c       0x28 zephyr/kernel/libkernel.a(sched.c.obj)
                0x0000000000005d7c                z_pend_curr
 .text.z_set_prio
                0x0000000000005da4       0x90 zephyr/kernel/libkernel.a(sched.c.obj)
                0x0000000000005da4                z_set_prio
 .text.z_impl_k_thread_suspend
                0x0000000000005e34       0x64 zephyr/kernel/libkernel.a(sched.c.obj)
                0x0000000000005e34                z_impl_k_thread_suspend
 .text.k_sched_unlock
                0x0000000000005e98       0x38 zephyr/kernel/libkernel.a(sched.c.obj)
                0x0000000000005e98                k_sched_unlock
 .text.z_sched_init
                0x0000000000005ed0       0x18 zephyr/kernel/libkernel.a(sched.c.obj)
                0x0000000000005ed0                z_sched_init
 .text.z_impl_k_yield
                0x0000000000005ee8       0x80 zephyr/kernel/libkernel.a(sched.c.obj)
                0x0000000000005ee8                z_impl_k_yield
 .text.z_tick_sleep
                0x0000000000005f68       0x90 zephyr/kernel/libkernel.a(sched.c.obj)
 .text.z_impl_k_sleep
                0x0000000000005ff8       0x34 zephyr/kernel/libkernel.a(sched.c.obj)
                0x0000000000005ff8                z_impl_k_sleep
 .text.z_impl_z_current_get
                0x000000000000602c        0xc zephyr/kernel/libkernel.a(sched.c.obj)
                0x000000000000602c                z_impl_z_current_get
 .text.z_thread_abort
                0x0000000000006038       0xa4 zephyr/kernel/libkernel.a(sched.c.obj)
                0x0000000000006038                z_thread_abort
 .text.z_data_copy
                0x00000000000060dc       0x34 zephyr/kernel/libkernel.a(xip.c.obj)
                0x00000000000060dc                z_data_copy
 .text.elapsed  0x0000000000006110       0x14 zephyr/kernel/libkernel.a(timeout.c.obj)
 .text.next_timeout
                0x0000000000006124       0x4c zephyr/kernel/libkernel.a(timeout.c.obj)
 .text.remove_timeout
                0x0000000000006170       0x34 zephyr/kernel/libkernel.a(timeout.c.obj)
 .text.z_add_timeout
                0x00000000000061a4       0xf4 zephyr/kernel/libkernel.a(timeout.c.obj)
                0x00000000000061a4                z_add_timeout
 .text.sys_clock_announce
                0x0000000000006298       0xb8 zephyr/kernel/libkernel.a(timeout.c.obj)
                0x0000000000006298                sys_clock_announce
 .text.sys_clock_tick_get
                0x0000000000006350       0x30 zephyr/kernel/libkernel.a(timeout.c.obj)
                0x0000000000006350                sys_clock_tick_get
 .text.z_timer_expiration_handler
                0x0000000000006380       0x8c zephyr/kernel/libkernel.a(timer.c.obj)
                0x0000000000006380                z_timer_expiration_handler
 .text.z_impl_k_timer_start
                0x000000000000640c       0xa4 zephyr/kernel/libkernel.a(timer.c.obj)
                0x000000000000640c                z_impl_k_timer_start
 .text.boot_banner
                0x00000000000064b0       0x18 zephyr/kernel/libkernel.a(banner.c.obj)
                0x00000000000064b0                boot_banner
 .text.cbpprintf_external
                0x00000000000064c8       0x5a zephyr/libzephyr.a(cbprintf_packaged.c.obj)
                0x00000000000064c8                cbpprintf_external
 .text.sys_notify_validate
                0x0000000000006522       0x22 zephyr/libzephyr.a(notify.c.obj)
                0x0000000000006522                sys_notify_validate
 .text.sys_notify_finalize
                0x0000000000006544       0x1a zephyr/libzephyr.a(notify.c.obj)
                0x0000000000006544                sys_notify_finalize
 .text.arch_printk_char_out
                0x000000000000655e        0x4 zephyr/libzephyr.a(printk.c.obj)
                0x000000000000655e                arch_printk_char_out
 .text.str_out  0x0000000000006562       0x26 zephyr/libzephyr.a(printk.c.obj)
 .text.printk   0x0000000000006588       0x1a zephyr/libzephyr.a(printk.c.obj)
                0x0000000000006588                printk
 .text.snprintk
                0x00000000000065a2       0x1a zephyr/libzephyr.a(printk.c.obj)
                0x00000000000065a2                snprintk
 .text.process_recheck
                0x00000000000065bc       0x38 zephyr/libzephyr.a(onoff.c.obj)
 .text.notify_one
                0x00000000000065f4       0x2c zephyr/libzephyr.a(onoff.c.obj)
 .text.transition_complete
                0x0000000000006620       0x1c zephyr/libzephyr.a(onoff.c.obj)
 .text.validate_args
                0x000000000000663c       0x1e zephyr/libzephyr.a(onoff.c.obj)
 .text.onoff_manager_init
                0x000000000000665a       0x26 zephyr/libzephyr.a(onoff.c.obj)
                0x000000000000665a                onoff_manager_init
 .text.onoff_request
                0x0000000000006680       0x92 zephyr/libzephyr.a(onoff.c.obj)
                0x0000000000006680                onoff_request
 .text.z_thread_entry
                0x0000000000006712       0x14 zephyr/libzephyr.a(thread_entry.c.obj)
                0x0000000000006712                z_thread_entry
 .text.encode_uint
                0x0000000000006726       0x8c zephyr/libzephyr.a(cbprintf_complete.c.obj)
 .text.outs     0x00000000000067b2       0x2c zephyr/libzephyr.a(cbprintf_complete.c.obj)
 .text.free_space
                0x00000000000067de       0x2a zephyr/libzephyr.a(mpsc_pbuf.c.obj)
 .text.get_usage
                0x0000000000006808       0x22 zephyr/libzephyr.a(mpsc_pbuf.c.obj)
 .text.idx_inc  0x000000000000682a       0x1c zephyr/libzephyr.a(mpsc_pbuf.c.obj)
 .text.add_skip_item
                0x0000000000006846       0x2c zephyr/libzephyr.a(mpsc_pbuf.c.obj)
 .text.max_utilization_update
                0x0000000000006872       0x22 zephyr/libzephyr.a(mpsc_pbuf.c.obj)
 .text.drop_item_locked
                0x0000000000006894       0xb4 zephyr/libzephyr.a(mpsc_pbuf.c.obj)
 .text.mpsc_pbuf_init
                0x0000000000006948       0x42 zephyr/libzephyr.a(mpsc_pbuf.c.obj)
                0x0000000000006948                mpsc_pbuf_init
 .text.mpsc_pbuf_alloc
                0x000000000000698a       0xec zephyr/libzephyr.a(mpsc_pbuf.c.obj)
                0x000000000000698a                mpsc_pbuf_alloc
 .text.mpsc_pbuf_commit
                0x0000000000006a76       0x40 zephyr/libzephyr.a(mpsc_pbuf.c.obj)
                0x0000000000006a76                mpsc_pbuf_commit
 .text.mpsc_pbuf_claim
                0x0000000000006ab6       0x98 zephyr/libzephyr.a(mpsc_pbuf.c.obj)
                0x0000000000006ab6                mpsc_pbuf_claim
 .text.mpsc_pbuf_free
                0x0000000000006b4e       0x68 zephyr/libzephyr.a(mpsc_pbuf.c.obj)
                0x0000000000006b4e                mpsc_pbuf_free
 .text.mpsc_pbuf_is_pending
                0x0000000000006bb6       0x16 zephyr/libzephyr.a(mpsc_pbuf.c.obj)
                0x0000000000006bb6                mpsc_pbuf_is_pending
 .text._ConfigAbsSyms
                0x0000000000006bcc        0x2 zephyr/libzephyr.a(configs.c.obj)
                0x0000000000006bcc                _ConfigAbsSyms
 .text.log_msg2_generic_get_wlen
                0x0000000000006bce       0x22 zephyr/libzephyr.a(log_core.c.obj)
 .text.default_get_timestamp
                0x0000000000006bf0        0x4 zephyr/libzephyr.a(log_core.c.obj)
 .text.dummy_timestamp
                0x0000000000006bf4        0x4 zephyr/libzephyr.a(log_core.c.obj)
 .text.z_log_vprintk
                0x0000000000006bf8       0x1c zephyr/libzephyr.a(log_core.c.obj)
                0x0000000000006bf8                z_log_vprintk
 .text.notify_drop
                0x0000000000006c14        0x6 zephyr/libzephyr.a(log_core.c.obj)
 .text.get_msg  0x0000000000006c1a        0x8 zephyr/libzephyr.a(log_core.c.obj)
                0x0000000000006c1a                get_msg
 .text.z_log_get_tag
                0x0000000000006c22        0x4 zephyr/libzephyr.a(log_core.c.obj)
                0x0000000000006c22                z_log_get_tag
 .text.buffer_write
                0x0000000000006c26       0x1a zephyr/libzephyr.a(log_output.c.obj)
 .text.log_output_flush
                0x0000000000006c40       0x1a zephyr/libzephyr.a(log_output.c.obj)
                0x0000000000006c40                log_output_flush
 .text.out_func
                0x0000000000006c5a       0x36 zephyr/libzephyr.a(log_output.c.obj)
 .text.cr_out_func
                0x0000000000006c90       0x1a zephyr/libzephyr.a(log_output.c.obj)
 .text.z_log_msg2_finalize
                0x0000000000006caa       0x36 zephyr/libzephyr.a(log_msg2.c.obj)
                0x0000000000006caa                z_log_msg2_finalize
 .text.z_impl_z_log_msg2_static_create
                0x0000000000006ce0       0x8a zephyr/libzephyr.a(log_msg2.c.obj)
                0x0000000000006ce0                z_impl_z_log_msg2_static_create
 .text.z_do_kernel_oops
                0x0000000000006d6a        0x8 zephyr/arch/arch/arm/core/aarch32/libarch__arm__core__aarch32.a(fatal.c.obj)
                0x0000000000006d6a                z_do_kernel_oops
 .text.z_irq_spurious
                0x0000000000006d72        0x8 zephyr/arch/arch/arm/core/aarch32/libarch__arm__core__aarch32.a(irq_manage.c.obj)
                0x0000000000006d72                z_irq_spurious
 .text.z_arm_nmi
                0x0000000000006d7a        0xe zephyr/arch/arch/arm/core/aarch32/libarch__arm__core__aarch32.a(nmi.c.obj)
                0x0000000000006d7a                z_arm_nmi
 .text.z_log_msg2_static_create.constprop.0
                0x0000000000006d88        0x6 zephyr/arch/arch/arm/core/aarch32/cortex_m/libarch__arm__core__aarch32__cortex_m.a(fault.c.obj)
 .text.strcpy   0x0000000000006d8e       0x14 zephyr/lib/libc/minimal/liblib__libc__minimal.a(string.c.obj)
                0x0000000000006d8e                strcpy
 .text.strlen   0x0000000000006da2        0xe zephyr/lib/libc/minimal/liblib__libc__minimal.a(string.c.obj)
                0x0000000000006da2                strlen
 .text.strnlen  0x0000000000006db0       0x12 zephyr/lib/libc/minimal/liblib__libc__minimal.a(string.c.obj)
                0x0000000000006db0                strnlen
 .text.memcpy   0x0000000000006dc2       0x16 zephyr/lib/libc/minimal/liblib__libc__minimal.a(string.c.obj)
                0x0000000000006dc2                memcpy
 .text.memset   0x0000000000006dd8       0x12 zephyr/lib/libc/minimal/liblib__libc__minimal.a(string.c.obj)
                0x0000000000006dd8                memset
 .text._stdout_hook_default
                0x0000000000006dea        0x6 zephyr/lib/libc/minimal/liblib__libc__minimal.a(stdout_console.c.obj)
 .text.pm_state_set
                0x0000000000006df0       0x18 zephyr/soc/arm/nordic_nrf/nrf52/libsoc__arm__nordic_nrf__nrf52.a(power.c.obj)
                0x0000000000006df0                pm_state_set
 .text.pm_state_exit_post_ops
                0x0000000000006e08        0xc zephyr/soc/arm/nordic_nrf/nrf52/libsoc__arm__nordic_nrf__nrf52.a(power.c.obj)
                0x0000000000006e08                pm_state_exit_post_ops
 .text.get_status
                0x0000000000006e14       0x12 zephyr/drivers/clock_control/libdrivers__clock_control.a(clock_control_nrf.c.obj)
 .text.set_on_state
                0x0000000000006e26       0x26 zephyr/drivers/clock_control/libdrivers__clock_control.a(clock_control_nrf.c.obj)
 .text.stop     0x0000000000006e4c       0x54 zephyr/drivers/clock_control/libdrivers__clock_control.a(clock_control_nrf.c.obj)
 .text.api_stop
                0x0000000000006ea0        0x6 zephyr/drivers/clock_control/libdrivers__clock_control.a(clock_control_nrf.c.obj)
 .text.async_start
                0x0000000000006ea6       0x60 zephyr/drivers/clock_control/libdrivers__clock_control.a(clock_control_nrf.c.obj)
 .text.api_start
                0x0000000000006f06        0xe zephyr/drivers/clock_control/libdrivers__clock_control.a(clock_control_nrf.c.obj)
 .text.onoff_started_callback
                0x0000000000006f14       0x12 zephyr/drivers/clock_control/libdrivers__clock_control.a(clock_control_nrf.c.obj)
 .text.lfclk_stop
                0x0000000000006f26        0x6 zephyr/drivers/clock_control/libdrivers__clock_control.a(clock_control_nrf.c.obj)
 .text.blocking_start_callback
                0x0000000000006f2c        0x6 zephyr/drivers/clock_control/libdrivers__clock_control.a(clock_control_nrf.c.obj)
 .text.gpio_nrfx_port_get_raw
                0x0000000000006f32        0xe zephyr/drivers/gpio/libdrivers__gpio.a(gpio_nrfx.c.obj)
 .text.gpio_nrfx_port_set_masked_raw
                0x0000000000006f40       0x16 zephyr/drivers/gpio/libdrivers__gpio.a(gpio_nrfx.c.obj)
 .text.gpio_nrfx_port_set_bits_raw
                0x0000000000006f56        0xc zephyr/drivers/gpio/libdrivers__gpio.a(gpio_nrfx.c.obj)
 .text.gpio_nrfx_port_clear_bits_raw
                0x0000000000006f62        0xc zephyr/drivers/gpio/libdrivers__gpio.a(gpio_nrfx.c.obj)
 .text.gpio_nrfx_port_toggle_bits
                0x0000000000006f6e       0x12 zephyr/drivers/gpio/libdrivers__gpio.a(gpio_nrfx.c.obj)
 .text.gpio_nrfx_manage_callback
                0x0000000000006f80       0x54 zephyr/drivers/gpio/libdrivers__gpio.a(gpio_nrfx.c.obj)
 .text.as5048a_sample_fetch
                0x0000000000006fd4       0x18 zephyr/drivers/sensor/as5048a/libdrivers__sensor__as5048a.a(as5048a.c.obj)
 .text.as5048a_channel_get
                0x0000000000006fec       0x12 zephyr/drivers/sensor/as5048a/libdrivers__sensor__as5048a.a(as5048a.c.obj)
 .text.as5048_bus_check_spi
                0x0000000000006ffe       0x24 zephyr/drivers/sensor/as5048a/libdrivers__sensor__as5048a.a(as5048a_spi.c.obj)
 .text.spi_context_get_next_buf.constprop.0
                0x0000000000007022       0x22 zephyr/drivers/spi/libdrivers__spi.a(spi_nrfx_spi.c.obj)
 .text.z_log_msg2_static_create.constprop.0
                0x0000000000007044        0x6 zephyr/drivers/spi/libdrivers__spi.a(spi_nrfx_spi.c.obj)
 .text.pinctrl_apply_state.constprop.0
                0x000000000000704a       0x20 zephyr/drivers/spi/libdrivers__spi.a(spi_nrfx_spi.c.obj)
 .text.gpio_pin_set_dt.isra.0
                0x000000000000706a       0x28 zephyr/drivers/spi/libdrivers__spi.a(spi_nrfx_spi.c.obj)
 .text._spi_context_cs_control
                0x0000000000007092       0x44 zephyr/drivers/spi/libdrivers__spi.a(spi_nrfx_spi.c.obj)
 .text.spi_context_unlock_unconditionally
                0x00000000000070d6       0x20 zephyr/drivers/spi/libdrivers__spi.a(spi_nrfx_spi.c.obj)
 .text.spi_nrfx_release
                0x00000000000070f6       0x24 zephyr/drivers/spi/libdrivers__spi.a(spi_nrfx_spi.c.obj)
 .text.spi_0_init
                0x000000000000711a       0x30 zephyr/drivers/spi/libdrivers__spi.a(spi_nrfx_spi.c.obj)
 .text.spi_1_init
                0x000000000000714a       0x30 zephyr/drivers/spi/libdrivers__spi.a(spi_nrfx_spi.c.obj)
 .text.spi_2_init
                0x000000000000717a       0x30 zephyr/drivers/spi/libdrivers__spi.a(spi_nrfx_spi.c.obj)
 .text.uarte_nrfx_config_get
                0x00000000000071aa       0x10 zephyr/drivers/serial/libdrivers__serial.a(uart_nrfx_uarte.c.obj)
 .text.uarte_nrfx_err_check
                0x00000000000071ba        0xe zephyr/drivers/serial/libdrivers__serial.a(uart_nrfx_uarte.c.obj)
 .text.uarte_nrfx_poll_in
                0x00000000000071c8       0x26 zephyr/drivers/serial/libdrivers__serial.a(uart_nrfx_uarte.c.obj)
 .text.is_tx_ready.isra.0
                0x00000000000071ee       0x20 zephyr/drivers/serial/libdrivers__serial.a(uart_nrfx_uarte.c.obj)
 .text.uarte_nrfx_isr_int
                0x000000000000720e       0x72 zephyr/drivers/serial/libdrivers__serial.a(uart_nrfx_uarte.c.obj)
 .text.sys_clock_idle_exit
                0x0000000000007280        0x2 zephyr/drivers/timer/libdrivers__timer.a(sys_clock_init.c.obj)
                0x0000000000007280                sys_clock_idle_exit
 .text.sys_clock_cycle_get_32
                0x0000000000007282        0x8 zephyr/drivers/timer/libdrivers__timer.a(nrf_rtc_timer.c.obj)
                0x0000000000007282                sys_clock_cycle_get_32
 .text.pinctrl_lookup_state
                0x000000000000728a       0x30 zephyr/drivers/pinctrl/libdrivers__pinctrl.a(common.c.obj)
                0x000000000000728a                pinctrl_lookup_state
 .text.nrf_gpio_pin_write
                0x00000000000072ba       0x1a zephyr/drivers/pinctrl/libdrivers__pinctrl.a(pinctrl_nrf.c.obj)
 .text.nrf_pin_configure
                0x00000000000072d4       0x3a zephyr/drivers/pinctrl/libdrivers__pinctrl.a(pinctrl_nrf.c.obj)
 .text.pinctrl_configure_pins
                0x000000000000730e      0x118 zephyr/drivers/pinctrl/libdrivers__pinctrl.a(pinctrl_nrf.c.obj)
                0x000000000000730e                pinctrl_configure_pins
 .text.nrf52_errata_12
                0x0000000000007426       0x1c modules/hal_nordic/nrfx/libmodules__hal_nordic__nrfx.a(system_nrf52.c.obj)
 .text.nrfx_isr
                0x0000000000007442        0x2 modules/hal_nordic/nrfx/libmodules__hal_nordic__nrfx.a(nrfx_glue.c.obj)
                0x0000000000007442                nrfx_isr
 .text.nrfx_busy_wait
                0x0000000000007444        0x4 modules/hal_nordic/nrfx/libmodules__hal_nordic__nrfx.a(nrfx_glue.c.obj)
                0x0000000000007444                nrfx_busy_wait
 .text.nrfx_clock_enable
                0x0000000000007448       0x1a modules/hal_nordic/nrfx/libmodules__hal_nordic__nrfx.a(nrfx_clock.c.obj)
                0x0000000000007448                nrfx_clock_enable
 .text.nrfx_clock_stop
                0x0000000000007462        0x4 modules/hal_nordic/nrfx/libmodules__hal_nordic__nrfx.a(nrfx_clock.c.obj)
                0x0000000000007462                nrfx_clock_stop
 .text.nrf_gpio_cfg_sense_set
                0x0000000000007466       0x1c modules/hal_nordic/nrfx/libmodules__hal_nordic__nrfx.a(nrfx_gpiote.c.obj)
 .text.transfer_byte
                0x0000000000007482       0x66 modules/hal_nordic/nrfx/libmodules__hal_nordic__nrfx.a(nrfx_spi.c.obj)
 .text.irq_handler
                0x00000000000074e8       0x44 modules/hal_nordic/nrfx/libmodules__hal_nordic__nrfx.a(nrfx_spi.c.obj)
 .text.SEGGER_RTT_Init
                0x000000000000752c        0x4 modules/segger/libmodules__segger.a(SEGGER_RTT.c.obj)
                0x000000000000752c                SEGGER_RTT_Init
 .text.rtt_init
                0x0000000000007530        0xa modules/segger/libmodules__segger.a(SEGGER_RTT_zephyr.c.obj)
 .text.z_device_state_init
                0x000000000000753a        0x2 zephyr/kernel/libkernel.a(device.c.obj)
                0x000000000000753a                z_device_state_init
 .text.z_device_is_ready
                0x000000000000753c       0x14 zephyr/kernel/libkernel.a(device.c.obj)
                0x000000000000753c                z_device_is_ready
 .text.z_early_memset
                0x0000000000007550        0x4 zephyr/kernel/libkernel.a(init.c.obj)
                0x0000000000007550                z_early_memset
 .text.z_early_memcpy
                0x0000000000007554        0x4 zephyr/kernel/libkernel.a(init.c.obj)
                0x0000000000007554                z_early_memcpy
 .text.k_is_in_isr
                0x0000000000007558        0xc zephyr/kernel/libkernel.a(thread.c.obj)
                0x0000000000007558                k_is_in_isr
 .text.z_impl_k_thread_name_set
                0x0000000000007564        0x6 zephyr/kernel/libkernel.a(thread.c.obj)
                0x0000000000007564                z_impl_k_thread_name_set
 .text.k_thread_name_get
                0x000000000000756a        0x4 zephyr/kernel/libkernel.a(thread.c.obj)
                0x000000000000756a                k_thread_name_get
 .text.z_pm_save_idle_exit
                0x000000000000756e        0xe zephyr/kernel/libkernel.a(idle.c.obj)
                0x000000000000756e                z_pm_save_idle_exit
 .text.adjust_owner_prio.isra.0
                0x000000000000757c       0x10 zephyr/kernel/libkernel.a(mutex.c.obj)
 .text.z_impl_k_sem_init
                0x000000000000758c       0x18 zephyr/kernel/libkernel.a(sem.c.obj)
                0x000000000000758c                z_impl_k_sem_init
 .text.sys_dlist_remove
                0x00000000000075a4       0x10 zephyr/kernel/libkernel.a(sched.c.obj)
 .text.unpend_thread_no_timeout
                0x00000000000075b4       0x14 zephyr/kernel/libkernel.a(sched.c.obj)
 .text.z_unpend_thread_no_timeout
                0x00000000000075c8       0x20 zephyr/kernel/libkernel.a(sched.c.obj)
                0x00000000000075c8                z_unpend_thread_no_timeout
 .text.z_reschedule_irqlock
                0x00000000000075e8       0x18 zephyr/kernel/libkernel.a(sched.c.obj)
                0x00000000000075e8                z_reschedule_irqlock
 .text.z_reschedule_unlocked
                0x0000000000007600       0x14 zephyr/kernel/libkernel.a(sched.c.obj)
 .text.z_priq_dumb_best
                0x0000000000007614        0xc zephyr/kernel/libkernel.a(sched.c.obj)
                0x0000000000007614                z_priq_dumb_best
 .text.z_ready_thread
                0x0000000000007620       0x20 zephyr/kernel/libkernel.a(sched.c.obj)
                0x0000000000007620                z_ready_thread
 .text.z_thread_timeout
                0x0000000000007640       0x44 zephyr/kernel/libkernel.a(sched.c.obj)
                0x0000000000007640                z_thread_timeout
 .text.add_to_waitq_locked
                0x0000000000007684       0x54 zephyr/kernel/libkernel.a(sched.c.obj)
 .text.z_unpend1_no_timeout
                0x00000000000076d8       0x2a zephyr/kernel/libkernel.a(sched.c.obj)
                0x00000000000076d8                z_unpend1_no_timeout
 .text.z_unpend_first_thread
                0x0000000000007702       0x30 zephyr/kernel/libkernel.a(sched.c.obj)
                0x0000000000007702                z_unpend_first_thread
 .text.z_abort_timeout
                0x0000000000007732       0x2c zephyr/kernel/libkernel.a(timeout.c.obj)
                0x0000000000007732                z_abort_timeout
 .text.z_get_next_timeout_expiry
                0x000000000000775e       0x20 zephyr/kernel/libkernel.a(timeout.c.obj)
                0x000000000000775e                z_get_next_timeout_expiry
 .text.z_set_timeout_expiry
                0x000000000000777e       0x34 zephyr/kernel/libkernel.a(timeout.c.obj)
                0x000000000000777e                z_set_timeout_expiry
 .text.sys_clock_tick_get_32
                0x00000000000077b2        0x8 zephyr/kernel/libkernel.a(timeout.c.obj)
                0x00000000000077b2                sys_clock_tick_get_32
 .text.z_impl_k_busy_wait
                0x00000000000077ba        0x8 zephyr/kernel/libkernel.a(timeout.c.obj)
                0x00000000000077ba                z_impl_k_busy_wait
 .text.k_timer_init
                0x00000000000077c2       0x18 zephyr/kernel/libkernel.a(timer.c.obj)
                0x00000000000077c2                k_timer_init
 .text.z_impl_k_timer_stop
                0x00000000000077da       0x3a zephyr/kernel/libkernel.a(timer.c.obj)
                0x00000000000077da                z_impl_k_timer_stop
 .text._OffsetAbsSyms
                0x0000000000007814        0x2 zephyr/CMakeFiles/offsets.dir/./arch/arm/core/offsets/offsets.c.obj
                0x0000000000007814                _OffsetAbsSyms
 *(SORT_BY_ALIGNMENT(.TEXT.*))
 *fill*         0x0000000000007816        0x2 
 .TEXT.z_arm_platform_init
                0x0000000000007818        0x4 zephyr/libzephyr.a(soc_nrf_common.S.obj)
                0x0000000000007818                z_arm_platform_init
 *(SORT_BY_ALIGNMENT(.gnu.linkonce.t.*))
 *(SORT_BY_ALIGNMENT(.glue_7t))
 .glue_7t       0x000000000000781c        0x0 linker stubs
 *(SORT_BY_ALIGNMENT(.glue_7))
 .glue_7        0x000000000000781c        0x0 linker stubs
 *(SORT_BY_ALIGNMENT(.vfp11_veneer))
 .vfp11_veneer  0x000000000000781c        0x0 linker stubs
 *(SORT_BY_ALIGNMENT(.v4_bx))
 .v4_bx         0x000000000000781c        0x0 linker stubs
                0x000000000000781c                __text_region_end = .

.ARM.exidx      0x000000000000781c        0x8
                0x000000000000781c                __exidx_start = .
 *(SORT_BY_ALIGNMENT(.ARM.exidx*) SORT_BY_ALIGNMENT(gnu.linkonce.armexidx.*))
 .ARM.exidx     0x000000000000781c        0x8 c:/ncs/toolchains/v2.0.0/opt/zephyr-sdk/arm-zephyr-eabi/bin/../lib/gcc/arm-zephyr-eabi/10.3.0/thumb/v7e-m/nofp\libgcc.a(_udivmoddi4.o)
                0x0000000000007824                __exidx_end = .
                0x0000000000007824                __rodata_region_start = .

initlevel       0x0000000000007824       0x68
                0x0000000000007824                __init_start = .
                0x0000000000007824                __init_PRE_KERNEL_1_start = .
 *(SORT_BY_NAME(SORT_BY_ALIGNMENT(.z_init_PRE_KERNEL_1[0-9]_*)))
 .z_init_PRE_KERNEL_10_
                0x0000000000007824        0x8 zephyr/soc/arm/nordic_nrf/nrf52/libsoc__arm__nordic_nrf__nrf52.a(soc.c.obj)
 *(SORT_BY_NAME(SORT_BY_ALIGNMENT(.z_init_PRE_KERNEL_1[1-9][0-9]_*)))
 .z_init_PRE_KERNEL_130_
                0x000000000000782c        0x8 zephyr/drivers/clock_control/libdrivers__clock_control.a(clock_control_nrf.c.obj)
 .z_init_PRE_KERNEL_130_
                0x0000000000007834        0x8 modules/segger/libmodules__segger.a(SEGGER_RTT_zephyr.c.obj)
 .z_init_PRE_KERNEL_130_
                0x000000000000783c        0x8 zephyr/kernel/libkernel.a(mem_slab.c.obj)
 .z_init_PRE_KERNEL_140_
                0x0000000000007844        0x8 zephyr/drivers/gpio/libdrivers__gpio.a(gpio_nrfx.c.obj)
 .z_init_PRE_KERNEL_155_
                0x000000000000784c        0x8 zephyr/drivers/serial/libdrivers__serial.a(uart_nrfx_uarte.c.obj)
 .z_init_PRE_KERNEL_160_
                0x0000000000007854        0x8 zephyr/drivers/console/libdrivers__console.a(uart_console.c.obj)
                0x000000000000785c                __init_PRE_KERNEL_2_start = .
 *(SORT_BY_NAME(SORT_BY_ALIGNMENT(.z_init_PRE_KERNEL_2[0-9]_*)))
 .z_init_PRE_KERNEL_20_
                0x000000000000785c        0x8 zephyr/drivers/timer/libdrivers__timer.a(nrf_rtc_timer.c.obj)
 *(SORT_BY_NAME(SORT_BY_ALIGNMENT(.z_init_PRE_KERNEL_2[1-9][0-9]_*)))
                0x0000000000007864                __init_POST_KERNEL_start = .
 *(SORT_BY_NAME(SORT_BY_ALIGNMENT(.z_init_POST_KERNEL[0-9]_*)))
 .z_init_POST_KERNEL0_
                0x0000000000007864        0x8 zephyr/libzephyr.a(log_core.c.obj)
 *(SORT_BY_NAME(SORT_BY_ALIGNMENT(.z_init_POST_KERNEL[1-9][0-9]_*)))
 .z_init_POST_KERNEL70_
                0x000000000000786c       0x18 zephyr/drivers/spi/libdrivers__spi.a(spi_nrfx_spi.c.obj)
 .z_init_POST_KERNEL90_
                0x0000000000007884        0x8 zephyr/drivers/sensor/as5048a/libdrivers__sensor__as5048a.a(as5048a.c.obj)
                0x000000000000788c                __init_APPLICATION_start = .
 *(SORT_BY_NAME(SORT_BY_ALIGNMENT(.z_init_APPLICATION[0-9]_*)))
 *(SORT_BY_NAME(SORT_BY_ALIGNMENT(.z_init_APPLICATION[1-9][0-9]_*)))
                0x000000000000788c                __init_SMP_start = .
 *(SORT_BY_NAME(SORT_BY_ALIGNMENT(.z_init_SMP[0-9]_*)))
 *(SORT_BY_NAME(SORT_BY_ALIGNMENT(.z_init_SMP[1-9][0-9]_*)))
                0x000000000000788c                __init_end = .

devices         0x000000000000788c       0xa8
                0x000000000000788c                __device_start = .
                0x000000000000788c                __device_PRE_KERNEL_1_start = .
 *(SORT_BY_NAME(SORT_BY_ALIGNMENT(.z_device_PRE_KERNEL_1[0-9]_*)))
 *(SORT_BY_NAME(SORT_BY_ALIGNMENT(.z_device_PRE_KERNEL_1[1-9][0-9]_*)))
 .z_device_PRE_KERNEL_130_
                0x000000000000788c       0x18 zephyr/drivers/clock_control/libdrivers__clock_control.a(clock_control_nrf.c.obj)
                0x000000000000788c                __device_dts_ord_59
 .z_device_PRE_KERNEL_140_
                0x00000000000078a4       0x18 zephyr/drivers/gpio/libdrivers__gpio.a(gpio_nrfx.c.obj)
                0x00000000000078a4                __device_dts_ord_11
 .z_device_PRE_KERNEL_155_
                0x00000000000078bc       0x18 zephyr/drivers/serial/libdrivers__serial.a(uart_nrfx_uarte.c.obj)
                0x00000000000078bc                __device_dts_ord_95
                0x00000000000078d4                __device_PRE_KERNEL_2_start = .
 *(SORT_BY_NAME(SORT_BY_ALIGNMENT(.z_device_PRE_KERNEL_2[0-9]_*)))
 *(SORT_BY_NAME(SORT_BY_ALIGNMENT(.z_device_PRE_KERNEL_2[1-9][0-9]_*)))
                0x00000000000078d4                __device_POST_KERNEL_start = .
 *(SORT_BY_NAME(SORT_BY_ALIGNMENT(.z_device_POST_KERNEL[0-9]_*)))
 *(SORT_BY_NAME(SORT_BY_ALIGNMENT(.z_device_POST_KERNEL[1-9][0-9]_*)))
 .z_device_POST_KERNEL70_
                0x00000000000078d4       0x48 zephyr/drivers/spi/libdrivers__spi.a(spi_nrfx_spi.c.obj)
                0x00000000000078d4                __device_dts_ord_88
                0x00000000000078ec                __device_dts_ord_87
                0x0000000000007904                __device_dts_ord_106
 .z_device_POST_KERNEL90_
                0x000000000000791c       0x18 zephyr/drivers/sensor/as5048a/libdrivers__sensor__as5048a.a(as5048a.c.obj)
                0x000000000000791c                __device_dts_ord_107
                0x0000000000007934                __device_APPLICATION_start = .
 *(SORT_BY_NAME(SORT_BY_ALIGNMENT(.z_device_APPLICATION[0-9]_*)))
 *(SORT_BY_NAME(SORT_BY_ALIGNMENT(.z_device_APPLICATION[1-9][0-9]_*)))
                0x0000000000007934                __device_SMP_start = .
 *(SORT_BY_NAME(SORT_BY_ALIGNMENT(.z_device_SMP[0-9]_*)))
 *(SORT_BY_NAME(SORT_BY_ALIGNMENT(.z_device_SMP[1-9][0-9]_*)))
                0x0000000000007934                __device_end = .

sw_isr_table    0x0000000000007934      0x138
                0x0000000000007934                . = ALIGN (0x0)
 *(SORT_BY_ALIGNMENT(.gnu.linkonce.sw_isr_table*))
 .gnu.linkonce.sw_isr_table
                0x0000000000007934      0x138 zephyr/arch/common/libisr_tables.a(isr_tables.c.obj)
                0x0000000000007934                _sw_isr_table

initlevel_error
                0x0000000000007824        0x0
 *(SORT_BY_NAME(SORT_BY_ALIGNMENT(.z_init_[_A-Z0-9]*)))
                0x0000000000000001                ASSERT ((SIZEOF (initlevel_error) == 0x0), Undefined initialization levels used.)

app_shmem_regions
                0x0000000000007a6c        0x0
                0x0000000000007a6c                __app_shmem_regions_start = .
 *(SORT_BY_NAME(SORT_BY_ALIGNMENT(.app_regions.*)))
                0x0000000000007a6c                __app_shmem_regions_end = .

bt_l2cap_fixed_chan_area
                0x0000000000007a6c        0x0
                0x0000000000007a6c                _bt_l2cap_fixed_chan_list_start = .
 *(SORT_BY_NAME(SORT_BY_ALIGNMENT(._bt_l2cap_fixed_chan.static.*)))
                0x0000000000007a6c                _bt_l2cap_fixed_chan_list_end = .

bt_gatt_service_static_area
                0x0000000000007a6c        0x0
                0x0000000000007a6c                _bt_gatt_service_static_list_start = .
 *(SORT_BY_NAME(SORT_BY_ALIGNMENT(._bt_gatt_service_static.static.*)))
                0x0000000000007a6c                _bt_gatt_service_static_list_end = .

k_p4wq_initparam_area
                0x0000000000007a6c        0x0
                0x0000000000007a6c                _k_p4wq_initparam_list_start = .
 *(SORT_BY_NAME(SORT_BY_ALIGNMENT(._k_p4wq_initparam.static.*)))
                0x0000000000007a6c                _k_p4wq_initparam_list_end = .

log_strings_sections
                0x0000000000007a6c        0x0
                0x0000000000007a6c                __log_strings_start = .
 *(SORT_BY_NAME(SORT_BY_ALIGNMENT(.log_strings*)))
                0x0000000000007a6c                __log_strings_end = .

log_const_sections
                0x0000000000007a6c       0x58
                0x0000000000007a6c                __log_const_start = .
 *(SORT_BY_NAME(SORT_BY_ALIGNMENT(.log_const_*)))
 .log_const_AS5048A
                0x0000000000007a6c        0x8 zephyr/drivers/sensor/as5048a/libdrivers__sensor__as5048a.a(as5048a.c.obj)
                0x0000000000007a6c                log_const_AS5048A
 .log_const_clock_control
                0x0000000000007a74        0x8 zephyr/drivers/clock_control/libdrivers__clock_control.a(clock_control_nrf.c.obj)
                0x0000000000007a74                log_const_clock_control
 .log_const_fatal_error
                0x0000000000007a7c        0x8 modules/nrf/lib/fatal_error/lib..__nrf__lib__fatal_error.a(fatal_error.c.obj)
                0x0000000000007a7c                log_const_fatal_error
 .log_const_log
                0x0000000000007a84        0x8 zephyr/libzephyr.a(log_core.c.obj)
                0x0000000000007a84                log_const_log
 .log_const_log_uart
                0x0000000000007a8c        0x8 zephyr/libzephyr.a(log_backend_uart.c.obj)
                0x0000000000007a8c                log_const_log_uart
 .log_const_mpu
                0x0000000000007a94        0x8 zephyr/arch/arch/arm/core/aarch32/mpu/libarch__arm__core__aarch32__mpu.a(arm_core_mpu.c.obj)
                0x0000000000007a94                log_const_mpu
 .log_const_os  0x0000000000007a9c        0x8 zephyr/kernel/libkernel.a(init.c.obj)
                0x0000000000007a9c                log_const_os
 .log_const_pm  0x0000000000007aa4        0x8 zephyr/libzephyr.a(pm.c.obj)
                0x0000000000007aa4                log_const_pm
 .log_const_soc
                0x0000000000007aac        0x8 zephyr/soc/arm/nordic_nrf/nrf52/libsoc__arm__nordic_nrf__nrf52.a(soc.c.obj)
                0x0000000000007aac                log_const_soc
 .log_const_spi_nrfx_spi
                0x0000000000007ab4        0x8 zephyr/drivers/spi/libdrivers__spi.a(spi_nrfx_spi.c.obj)
                0x0000000000007ab4                log_const_spi_nrfx_spi
 .log_const_uart_nrfx_uarte
                0x0000000000007abc        0x8 zephyr/drivers/serial/libdrivers__serial.a(uart_nrfx_uarte.c.obj)
                0x0000000000007abc                log_const_uart_nrfx_uarte
                0x0000000000007ac4                __log_const_end = .

log_backends_sections
                0x0000000000007ac4       0x20
                0x0000000000007ac4                __log_backends_start = .
 *(SORT_BY_ALIGNMENT(._log_backend.*))
 ._log_backend.static.log_backend_uart
                0x0000000000007ac4       0x10 zephyr/libzephyr.a(log_backend_uart.c.obj)
 ._log_backend.static.log_backend_rtt
                0x0000000000007ad4       0x10 zephyr/libzephyr.a(log_backend_rtt.c.obj)
                0x0000000000007ae4                __log_backends_end = .

shell_area      0x0000000000007ae4        0x0
                0x0000000000007ae4                _shell_list_start = .
 *(SORT_BY_NAME(SORT_BY_ALIGNMENT(._shell.static.*)))
                0x0000000000007ae4                _shell_list_end = .

shell_root_cmds_sections
                0x0000000000007ae4        0x0
                0x0000000000007ae4                __shell_root_cmds_start = .
 *(SORT_BY_NAME(SORT_BY_ALIGNMENT(.shell_root_cmd_*)))
                0x0000000000007ae4                __shell_root_cmds_end = .

font_entry_sections
                0x0000000000007ae4        0x0
                0x0000000000007ae4                __font_entry_start = .
 *(SORT_BY_NAME(SORT_BY_ALIGNMENT(._cfb_font.*)))
                0x0000000000007ae4                __font_entry_end = .

tracing_backend_area
                0x0000000000007ae4        0x0
                0x0000000000007ae4                _tracing_backend_list_start = .
 *(SORT_BY_NAME(SORT_BY_ALIGNMENT(._tracing_backend.static.*)))
                0x0000000000007ae4                _tracing_backend_list_end = .

zephyr_dbg_info
 *(SORT_BY_ALIGNMENT(.dbg_thread_info))

device_handles  0x0000000000007ae4       0x36
                0x0000000000007ae4                __device_handles_start = .
 *(SORT_BY_NAME(SORT_BY_ALIGNMENT(.__device_handles_pass2*)))
 .__device_handles_pass2
                0x0000000000007ae4       0x36 zephyr/CMakeFiles/zephyr_pre1.dir/dev_handles.c.obj
                0x0000000000007ae4                __devicehdl_DT_N_S_soc_S_spi_40003000_S_as5048a_0
                0x0000000000007aec                __devicehdl_DT_N_S_soc_S_spi_40003000
                0x0000000000007af6                __devicehdl_DT_N_S_soc_S_spi_40004000
                0x0000000000007afc                __devicehdl_DT_N_S_soc_S_spi_40023000
                0x0000000000007b04                __devicehdl_DT_N_S_soc_S_uart_40002000
                0x0000000000007b0a                __devicehdl_DT_N_S_soc_S_gpio_50000000
                0x0000000000007b14                __devicehdl_DT_N_S_soc_S_clock_40000000
                0x0000000000007b1a                __device_handles_end = .

rodata          0x0000000000007b20      0xce0
 *(SORT_BY_ALIGNMENT(.rodata))
 *(SORT_BY_ALIGNMENT(.rodata.*))
 .rodata.delay_machine_code.0
                0x0000000000007b20        0x6 zephyr/soc/arm/nordic_nrf/nrf52/libsoc__arm__nordic_nrf__nrf52.a(soc.c.obj)
 *fill*         0x0000000000007b26        0x2 
 .rodata.format_table
                0x0000000000007b28        0xc zephyr/libzephyr.a(log_core.c.obj)
 .rodata.mpsc_config
                0x0000000000007b34       0x14 zephyr/libzephyr.a(log_core.c.obj)
 .rodata.colors
                0x0000000000007b48       0x14 zephyr/libzephyr.a(log_output.c.obj)
 .rodata.severity
                0x0000000000007b5c       0x14 zephyr/libzephyr.a(log_output.c.obj)
 .rodata.log_backend_uart_api
                0x0000000000007b70       0x20 zephyr/libzephyr.a(log_backend_uart.c.obj)
                0x0000000000007b70                log_backend_uart_api
 .rodata.log_output_uart
                0x0000000000007b90       0x10 zephyr/libzephyr.a(log_backend_uart.c.obj)
 .rodata.log_backend_rtt_api
                0x0000000000007ba0       0x20 zephyr/libzephyr.a(log_backend_rtt.c.obj)
                0x0000000000007ba0                log_backend_rtt_api
 .rodata.log_output_rtt
                0x0000000000007bc0       0x10 zephyr/libzephyr.a(log_backend_rtt.c.obj)
 .rodata.pmstates_DT_N_S_cpus_S_cpu_0
                0x0000000000007bd0        0x0 zephyr/libzephyr.a(state.c.obj)
 .rodata.static_regions
                0x0000000000007bd0        0xc zephyr/arch/arch/arm/core/aarch32/mpu/libarch__arm__core__aarch32__mpu.a(arm_core_mpu.c.obj)
 .rodata.mpu_config
                0x0000000000007bdc        0x8 zephyr/soc/arm/common/cortex_m/libsoc__arm__common__cortex_m.a(arm_mpu_regions.c.obj)
                0x0000000000007bdc                mpu_config
 .rodata.mpu_regions
                0x0000000000007be4       0x18 zephyr/soc/arm/common/cortex_m/libsoc__arm__common__cortex_m.a(arm_mpu_regions.c.obj)
 .rodata.clock_control_api
                0x0000000000007bfc       0x18 zephyr/drivers/clock_control/libdrivers__clock_control.a(clock_control_nrf.c.obj)
 .rodata.config
                0x0000000000007c14       0x18 zephyr/drivers/clock_control/libdrivers__clock_control.a(clock_control_nrf.c.obj)
 .rodata.transitions.0
                0x0000000000007c2c        0xc zephyr/drivers/clock_control/libdrivers__clock_control.a(clock_control_nrf.c.obj)
 .rodata.gpio_nrfx_drv_api_funcs
                0x0000000000007c38       0x24 zephyr/drivers/gpio/libdrivers__gpio.a(gpio_nrfx.c.obj)
 .rodata.gpio_nrfx_p0_cfg
                0x0000000000007c5c       0x10 zephyr/drivers/gpio/libdrivers__gpio.a(gpio_nrfx.c.obj)
 .rodata.as5048a_api
                0x0000000000007c6c       0x14 zephyr/drivers/sensor/as5048a/libdrivers__sensor__as5048a.a(as5048a.c.obj)
 .rodata.as5048a_config_0
                0x0000000000007c80       0x20 zephyr/drivers/sensor/as5048a/libdrivers__sensor__as5048a.a(as5048a.c.obj)
 .rodata.as5048_bus_io_spi
                0x0000000000007ca0        0xc zephyr/drivers/sensor/as5048a/libdrivers__sensor__as5048a.a(as5048a_spi.c.obj)
                0x0000000000007ca0                as5048_bus_io_spi
 .rodata.__compound_literal.0
                0x0000000000007cac        0x8 zephyr/drivers/spi/libdrivers__spi.a(spi_nrfx_spi.c.obj)
 .rodata.__compound_literal.1
                0x0000000000007cb4        0x8 zephyr/drivers/spi/libdrivers__spi.a(spi_nrfx_spi.c.obj)
 .rodata.__compound_literal.2
                0x0000000000007cbc        0x8 zephyr/drivers/spi/libdrivers__spi.a(spi_nrfx_spi.c.obj)
 .rodata.__pinctrl_dev_config__device_dts_ord_106
                0x0000000000007cc4        0xc zephyr/drivers/spi/libdrivers__spi.a(spi_nrfx_spi.c.obj)
 .rodata.__pinctrl_dev_config__device_dts_ord_87
                0x0000000000007cd0        0xc zephyr/drivers/spi/libdrivers__spi.a(spi_nrfx_spi.c.obj)
 .rodata.__pinctrl_dev_config__device_dts_ord_88
                0x0000000000007cdc        0xc zephyr/drivers/spi/libdrivers__spi.a(spi_nrfx_spi.c.obj)
 .rodata.__pinctrl_state_pins_0__device_dts_ord_106
                0x0000000000007ce8        0xc zephyr/drivers/spi/libdrivers__spi.a(spi_nrfx_spi.c.obj)
 .rodata.__pinctrl_state_pins_0__device_dts_ord_87
                0x0000000000007cf4        0xc zephyr/drivers/spi/libdrivers__spi.a(spi_nrfx_spi.c.obj)
 .rodata.__pinctrl_state_pins_0__device_dts_ord_88
                0x0000000000007d00        0xc zephyr/drivers/spi/libdrivers__spi.a(spi_nrfx_spi.c.obj)
 .rodata.__pinctrl_states__device_dts_ord_106
                0x0000000000007d0c        0x8 zephyr/drivers/spi/libdrivers__spi.a(spi_nrfx_spi.c.obj)
 .rodata.__pinctrl_states__device_dts_ord_87
                0x0000000000007d14        0x8 zephyr/drivers/spi/libdrivers__spi.a(spi_nrfx_spi.c.obj)
 .rodata.__pinctrl_states__device_dts_ord_88
                0x0000000000007d1c        0x8 zephyr/drivers/spi/libdrivers__spi.a(spi_nrfx_spi.c.obj)
 .rodata.spi_0z_config
                0x0000000000007d24       0x20 zephyr/drivers/spi/libdrivers__spi.a(spi_nrfx_spi.c.obj)
 .rodata.spi_1z_config
                0x0000000000007d44       0x20 zephyr/drivers/spi/libdrivers__spi.a(spi_nrfx_spi.c.obj)
 .rodata.spi_2z_config
                0x0000000000007d64       0x20 zephyr/drivers/spi/libdrivers__spi.a(spi_nrfx_spi.c.obj)
 .rodata.spi_nrfx_driver_api
                0x0000000000007d84        0x8 zephyr/drivers/spi/libdrivers__spi.a(spi_nrfx_spi.c.obj)
 .rodata.__pinctrl_dev_config__device_dts_ord_95
                0x0000000000007d8c        0xc zephyr/drivers/serial/libdrivers__serial.a(uart_nrfx_uarte.c.obj)
 .rodata.__pinctrl_state_pins_0__device_dts_ord_95
                0x0000000000007d98        0x8 zephyr/drivers/serial/libdrivers__serial.a(uart_nrfx_uarte.c.obj)
 .rodata.__pinctrl_states__device_dts_ord_95
                0x0000000000007da0        0x8 zephyr/drivers/serial/libdrivers__serial.a(uart_nrfx_uarte.c.obj)
 .rodata.uart_nrfx_uarte_driver_api
                0x0000000000007da8       0x14 zephyr/drivers/serial/libdrivers__serial.a(uart_nrfx_uarte.c.obj)
 .rodata.uarte_0z_config
                0x0000000000007dbc       0x10 zephyr/drivers/serial/libdrivers__serial.a(uart_nrfx_uarte.c.obj)
 .rodata.levels.0
                0x0000000000007dcc       0x14 zephyr/kernel/libkernel.a(device.c.obj)
 .rodata._k_neg_eagain
                0x0000000000007de0        0x4 zephyr/kernel/libkernel.a(errno.c.obj)
                0x0000000000007de0                _k_neg_eagain
 .rodata.CSWTCH.442
                0x0000000000007de4       0x14 zephyr/kernel/libkernel.a(fatal.c.obj)
 .rodata.main.str1.1
                0x0000000000007df8       0x96 app/libapp.a(main.c.obj)
 .rodata.cbvprintf.str1.1
                0x0000000000007e8e        0x6 zephyr/libzephyr.a(cbprintf_complete.c.obj)
 .rodata.enable_logger.str1.1
                0x0000000000007e94        0x8 zephyr/libzephyr.a(log_core.c.obj)
 .rodata.str1.1
                0x0000000000007e9c        0x4 zephyr/libzephyr.a(log_core.c.obj)
 .rodata.hexdump_line_print.str1.1
                0x0000000000007ea0        0xf zephyr/libzephyr.a(log_output.c.obj)
                                         0x16 (size before relaxing)
 .rodata.prefix_print.str1.1
                0x0000000000007eaf       0x3d zephyr/libzephyr.a(log_output.c.obj)
                                         0x40 (size before relaxing)
 .rodata.log_output_dropped_process.str1.1
                0x0000000000007eec       0x3d zephyr/libzephyr.a(log_output.c.obj)
                                          0x3 (size before relaxing)
 .rodata.str1.1
                0x0000000000007eec       0x20 zephyr/libzephyr.a(log_output.c.obj)
 .rodata.postfix.0
                0x0000000000007f0c       0x1c zephyr/libzephyr.a(log_output.c.obj)
 .rodata.prefix.1
                0x0000000000007f28        0xc zephyr/libzephyr.a(log_output.c.obj)
 .rodata.str1.1
                0x0000000000007f34       0x1a zephyr/libzephyr.a(log_backend_uart.c.obj)
 .rodata.str1.1
                0x0000000000007f4e       0x10 zephyr/libzephyr.a(log_backend_rtt.c.obj)
 .rodata.str1.1
                0x0000000000007f5e        0x3 zephyr/libzephyr.a(pm.c.obj)
 .rodata.z_arm_fatal_error.str1.1
                0x0000000000007f61       0x9b zephyr/arch/arch/arm/core/aarch32/libarch__arm__core__aarch32.a(fatal.c.obj)
 .rodata.bus_fault.constprop.0.str1.1
                0x0000000000007ffc       0xca zephyr/arch/arch/arm/core/aarch32/cortex_m/libarch__arm__core__aarch32__cortex_m.a(fault.c.obj)
 .rodata.usage_fault.constprop.0.str1.1
                0x00000000000080c6       0xcd zephyr/arch/arch/arm/core/aarch32/cortex_m/libarch__arm__core__aarch32__cortex_m.a(fault.c.obj)
 .rodata.mem_manage_fault.str1.1
                0x0000000000008193       0x96 zephyr/arch/arch/arm/core/aarch32/cortex_m/libarch__arm__core__aarch32__cortex_m.a(fault.c.obj)
 .rodata.z_arm_fault.str1.1
                0x0000000000008229      0x111 zephyr/arch/arch/arm/core/aarch32/cortex_m/libarch__arm__core__aarch32__cortex_m.a(fault.c.obj)
 .rodata.str1.1
                0x000000000000833a        0x4 zephyr/arch/arch/arm/core/aarch32/mpu/libarch__arm__core__aarch32__mpu.a(arm_core_mpu.c.obj)
 .rodata.mpu_configure_regions.str1.1
                0x000000000000833e       0x49 zephyr/arch/arch/arm/core/aarch32/mpu/libarch__arm__core__aarch32__mpu.a(arm_mpu.c.obj)
 .rodata.str1.1
                0x0000000000008387        0xf zephyr/soc/arm/common/cortex_m/libsoc__arm__common__cortex_m.a(arm_mpu_regions.c.obj)
 .rodata.str1.1
                0x0000000000008396        0x4 zephyr/soc/arm/nordic_nrf/nrf52/libsoc__arm__nordic_nrf__nrf52.a(soc.c.obj)
 .rodata.str1.1
                0x000000000000839a       0x20 zephyr/drivers/clock_control/libdrivers__clock_control.a(clock_control_nrf.c.obj)
 .rodata.str1.1
                0x00000000000083ba        0x7 zephyr/drivers/gpio/libdrivers__gpio.a(gpio_nrfx.c.obj)
 .rodata.as5048a_channel_get.part.0.str1.1
                0x00000000000083c1       0x1c zephyr/drivers/sensor/as5048a/libdrivers__sensor__as5048a.a(as5048a.c.obj)
 .rodata.as5048a_init.str1.1
                0x00000000000083dd       0x3d zephyr/drivers/sensor/as5048a/libdrivers__sensor__as5048a.a(as5048a.c.obj)
 .rodata.str1.1
                0x000000000000841a       0x15 zephyr/drivers/sensor/as5048a/libdrivers__sensor__as5048a.a(as5048a.c.obj)
 .rodata.__func__.0
                0x000000000000842f        0xd zephyr/drivers/sensor/as5048a/libdrivers__sensor__as5048a.a(as5048a.c.obj)
 .rodata.__func__.1
                0x000000000000843c       0x14 zephyr/drivers/sensor/as5048a/libdrivers__sensor__as5048a.a(as5048a.c.obj)
 .rodata.as5048_transfer.str1.1
                0x0000000000008450       0x1d zephyr/drivers/sensor/as5048a/libdrivers__sensor__as5048a.a(as5048a_spi.c.obj)
 .rodata.as5048_reg_write_spi.str1.1
                0x000000000000846d       0x4c zephyr/drivers/sensor/as5048a/libdrivers__sensor__as5048a.a(as5048a_spi.c.obj)
 .rodata.as5048_reg_read_spi.str1.1
                0x00000000000084b9       0x2c zephyr/drivers/sensor/as5048a/libdrivers__sensor__as5048a.a(as5048a_spi.c.obj)
 .rodata.__func__.0
                0x00000000000084e5       0x14 zephyr/drivers/sensor/as5048a/libdrivers__sensor__as5048a.a(as5048a_spi.c.obj)
 .rodata.__func__.1
                0x00000000000084f9       0x10 zephyr/drivers/sensor/as5048a/libdrivers__sensor__as5048a.a(as5048a_spi.c.obj)
 .rodata.__func__.2
                0x0000000000008509       0x15 zephyr/drivers/sensor/as5048a/libdrivers__sensor__as5048a.a(as5048a_spi.c.obj)
 .rodata.spi_context_cs_configure_all.str1.1
                0x000000000000851e       0x24 zephyr/drivers/spi/libdrivers__spi.a(spi_nrfx_spi.c.obj)
 .rodata.event_handler.str1.1
                0x0000000000008542       0x1e zephyr/drivers/spi/libdrivers__spi.a(spi_nrfx_spi.c.obj)
 .rodata.spi_nrfx_transceive.str1.1
                0x0000000000008560      0x108 zephyr/drivers/spi/libdrivers__spi.a(spi_nrfx_spi.c.obj)
 .rodata.str1.1
                0x0000000000008668       0x1f zephyr/drivers/spi/libdrivers__spi.a(spi_nrfx_spi.c.obj)
 .rodata.uarte_0_init.str1.1
                0x0000000000008687       0x1f zephyr/drivers/serial/libdrivers__serial.a(uart_nrfx_uarte.c.obj)
 .rodata.str1.1
                0x00000000000086a6       0x17 zephyr/drivers/serial/libdrivers__serial.a(uart_nrfx_uarte.c.obj)
 .rodata.k_sys_fatal_error_handler.str1.1
                0x00000000000086bd       0x11 modules/nrf/lib/fatal_error/lib..__nrf__lib__fatal_error.a(fatal_error.c.obj)
 .rodata.str1.1
                0x00000000000086ce        0xc modules/nrf/lib/fatal_error/lib..__nrf__lib__fatal_error.a(fatal_error.c.obj)
 .rodata.CSWTCH.14
                0x00000000000086da        0x5 modules/hal_nordic/nrfx/libmodules__hal_nordic__nrfx.a(system_nrf52.c.obj)
 .rodata.CSWTCH.18
                0x00000000000086df        0x5 modules/hal_nordic/nrfx/libmodules__hal_nordic__nrfx.a(system_nrf52.c.obj)
 .rodata.CSWTCH.20
                0x00000000000086e4        0x5 modules/hal_nordic/nrfx/libmodules__hal_nordic__nrfx.a(system_nrf52.c.obj)
 .rodata.CSWTCH.4
                0x00000000000086e9        0x5 modules/hal_nordic/nrfx/libmodules__hal_nordic__nrfx.a(system_nrf52.c.obj)
 .rodata._DoInit.str1.1
                0x00000000000086ee       0x14 modules/segger/libmodules__segger.a(SEGGER_RTT.c.obj)
 .rodata.z_fatal_error.str1.1
                0x0000000000008702       0x77 zephyr/kernel/libkernel.a(fatal.c.obj)
 .rodata.str1.1
                0x0000000000008779       0x4a zephyr/kernel/libkernel.a(fatal.c.obj)
 .rodata.z_cstart.str1.1
                0x00000000000087c3        0x5 zephyr/kernel/libkernel.a(init.c.obj)
 .rodata.str1.1
                0x00000000000087c8        0x3 zephyr/kernel/libkernel.a(init.c.obj)
 .rodata.boot_banner.str1.1
                0x00000000000087cb       0x34 zephyr/kernel/libkernel.a(banner.c.obj)
                                         0x35 (size before relaxing)
 *(SORT_BY_ALIGNMENT(.gnu.linkonce.r.*))
                0x0000000000008800                . = ALIGN (0x4)
 *fill*         0x00000000000087ff        0x1 
                0x0000000000008800                __rodata_region_end = .
                0x0000000000008800                . = ALIGN (_region_min_align)
                0x0000000000010000                . = ALIGN ((0x1 << ((__rodata_region_end - __rom_region_start) <= 0x4)?0x2:((__rodata_region_end - __rom_region_start) <= 0x8)?0x3:((__rodata_region_end - __rom_region_start) <= 0x10)?0x4:((__rodata_region_end - __rom_region_start) <= 0x20)?0x5:((__rodata_region_end - __rom_region_start) <= 0x40)?0x6:((__rodata_region_end - __rom_region_start) <= 0x80)?0x7:((__rodata_region_end - __rom_region_start) <= 0x100)?0x8:((__rodata_region_end - __rom_region_start) <= 0x200)?0x9:((__rodata_region_end - __rom_region_start) <= 0x400)?0xa:((__rodata_region_end - __rom_region_start) <= 0x800)?0xb:((__rodata_region_end - __rom_region_start) <= 0x1000)?0xc:((__rodata_region_end - __rom_region_start) <= 0x2000)?0xd:((__rodata_region_end - __rom_region_start) <= 0x4000)?0xe:((__rodata_region_end - __rom_region_start) <= 0x8000)?0xf:((__rodata_region_end - __rom_region_start) <= 0x10000)?0x10:((__rodata_region_end - __rom_region_start) <= 0x20000)?0x11:((__rodata_region_end - __rom_region_start) <= 0x40000)?0x12:((__rodata_region_end - __rom_region_start) <= 0x80000)?0x13:((__rodata_region_end - __rom_region_start) <= 0x100000)?0x14:((__rodata_region_end - __rom_region_start) <= 0x200000)?0x15:((__rodata_region_end - __rom_region_start) <= 0x400000)?0x16:((__rodata_region_end - __rom_region_start) <= 0x800000)?0x17:((__rodata_region_end - __rom_region_start) <= 0x1000000)?0x18:((__rodata_region_end - __rom_region_start) <= 0x2000000)?0x19:((__rodata_region_end - __rom_region_start) <= 0x4000000)?0x1a:((__rodata_region_end - __rom_region_start) <= 0x8000000)?0x1b:((__rodata_region_end - __rom_region_start) <= 0x10000000)?0x1c:((__rodata_region_end - __rom_region_start) <= 0x20000000)?0x1d:((__rodata_region_end - __rom_region_start) <= 0x40000000)?0x1e:((__rodata_region_end - __rom_region_start) <= 0x80000000)?0x1f:0x20))
                0x0000000000010000                __rom_region_end = .
                0x0000000020000000                . = 0x20000000
                0x0000000020000000                . = ALIGN (_region_min_align)
                0x0000000020000000                _image_ram_start = .

.ramfunc        0x0000000020000000        0x0 load address 0x0000000000008800
                0x0000000020000000                . = ALIGN (_region_min_align)
                0x0000000020000000                . = ALIGN ((0x1 << (__ramfunc_size <= 0x4)?0x2:(__ramfunc_size <= 0x8)?0x3:(__ramfunc_size <= 0x10)?0x4:(__ramfunc_size <= 0x20)?0x5:(__ramfunc_size <= 0x40)?0x6:(__ramfunc_size <= 0x80)?0x7:(__ramfunc_size <= 0x100)?0x8:(__ramfunc_size <= 0x200)?0x9:(__ramfunc_size <= 0x400)?0xa:(__ramfunc_size <= 0x800)?0xb:(__ramfunc_size <= 0x1000)?0xc:(__ramfunc_size <= 0x2000)?0xd:(__ramfunc_size <= 0x4000)?0xe:(__ramfunc_size <= 0x8000)?0xf:(__ramfunc_size <= 0x10000)?0x10:(__ramfunc_size <= 0x20000)?0x11:(__ramfunc_size <= 0x40000)?0x12:(__ramfunc_size <= 0x80000)?0x13:(__ramfunc_size <= 0x100000)?0x14:(__ramfunc_size <= 0x200000)?0x15:(__ramfunc_size <= 0x400000)?0x16:(__ramfunc_size <= 0x800000)?0x17:(__ramfunc_size <= 0x1000000)?0x18:(__ramfunc_size <= 0x2000000)?0x19:(__ramfunc_size <= 0x4000000)?0x1a:(__ramfunc_size <= 0x8000000)?0x1b:(__ramfunc_size <= 0x10000000)?0x1c:(__ramfunc_size <= 0x20000000)?0x1d:(__ramfunc_size <= 0x40000000)?0x1e:(__ramfunc_size <= 0x80000000)?0x1f:0x20))
                0x0000000020000000                __ramfunc_start = .
 *(SORT_BY_ALIGNMENT(.ramfunc))
 *(SORT_BY_ALIGNMENT(.ramfunc.*))
                0x0000000020000000                . = ALIGN (_region_min_align)
                0x0000000020000000                . = ALIGN ((0x1 << (__ramfunc_size <= 0x4)?0x2:(__ramfunc_size <= 0x8)?0x3:(__ramfunc_size <= 0x10)?0x4:(__ramfunc_size <= 0x20)?0x5:(__ramfunc_size <= 0x40)?0x6:(__ramfunc_size <= 0x80)?0x7:(__ramfunc_size <= 0x100)?0x8:(__ramfunc_size <= 0x200)?0x9:(__ramfunc_size <= 0x400)?0xa:(__ramfunc_size <= 0x800)?0xb:(__ramfunc_size <= 0x1000)?0xc:(__ramfunc_size <= 0x2000)?0xd:(__ramfunc_size <= 0x4000)?0xe:(__ramfunc_size <= 0x8000)?0xf:(__ramfunc_size <= 0x10000)?0x10:(__ramfunc_size <= 0x20000)?0x11:(__ramfunc_size <= 0x40000)?0x12:(__ramfunc_size <= 0x80000)?0x13:(__ramfunc_size <= 0x100000)?0x14:(__ramfunc_size <= 0x200000)?0x15:(__ramfunc_size <= 0x400000)?0x16:(__ramfunc_size <= 0x800000)?0x17:(__ramfunc_size <= 0x1000000)?0x18:(__ramfunc_size <= 0x2000000)?0x19:(__ramfunc_size <= 0x4000000)?0x1a:(__ramfunc_size <= 0x8000000)?0x1b:(__ramfunc_size <= 0x10000000)?0x1c:(__ramfunc_size <= 0x20000000)?0x1d:(__ramfunc_size <= 0x40000000)?0x1e:(__ramfunc_size <= 0x80000000)?0x1f:0x20))
                0x0000000020000000                __ramfunc_end = .
                0x0000000000000000                __ramfunc_size = (__ramfunc_end - __ramfunc_start)
                0x0000000000008800                __ramfunc_load_start = LOADADDR (.ramfunc)

datas           0x0000000020000000      0x1bc load address 0x0000000000008800
                0x0000000020000000                __data_region_start = .
                0x0000000020000000                __data_start = .
 *(SORT_BY_ALIGNMENT(.data))
 *(SORT_BY_ALIGNMENT(.data.*))
 .data._char_out
                0x0000000020000000        0x4 zephyr/libzephyr.a(printk.c.obj)
                0x0000000020000000                _char_out
 .data.timestamp_func
                0x0000000020000004        0x4 zephyr/libzephyr.a(log_core.c.obj)
 .data.max_latency_ticks